Component: ARM Compiler 5.06 update 6 (build 750) Tool: armlink [4d35ed]

==============================================================================

Section Cross References

    system_stm32f4xx.o(.text) refers to system_stm32f4xx.o(.data) for SystemCoreClock
    stm32f4xx_it.o(.text) refers to board.o(i._updateSysTick_Interrupt) for _updateSysTick_Interrupt
    stm32f4xx_it.o(.text) refers to systick.o(i._DelayOneMs_Interrupt) for _DelayOneMs_Interrupt
    stm32f4xx_it.o(.text) refers to motor.o(i._forwardTime_Interrupt) for _forwardTime_Interrupt
    stm32f4xx_it.o(.text) refers to serial.o(i._UsartReceive_Interrupt) for _UsartReceive_Interrupt
    stm32f4xx_it.o(.text) refers to encoder.o(i._Timer2Capture_Interrupt) for _Timer2Capture_Interrupt
    stm32f4xx_it.o(.text) refers to encoder.o(i._Timer5Capture_Interrupt) for _Timer5Capture_Interrupt
    main.o(.text) refers to motor.o(.text) for SetMotorDutyRatio
    main.o(.text) refers to motor.o(i.SetMotorState) for SetMotorState
    main.o(.text) refers to systick.o(.text) for SysTickInit
    main.o(.text) refers to board.o(.text) for STMMiniBoardInit
    main.o(.text) refers to serial.o(.text) for SerialInit
    main.o(.text) refers to encoder.o(.text) for EncoderInit
    main.o(.text) refers to printfa.o(i.__0printf) for __2printf
    main.o(.text) refers to encoder.o(i.GetLRSpeed) for GetLRSpeed
    main.o(.text) refers to encoder.o(i.GetRFSpeed) for GetRFSpeed
    main.o(.text) refers to dfltui.o(.text) for __aeabi_ui2d
    main.o(.text) refers to dmul.o(.text) for __aeabi_dmul
    main.o(.text) refers to ddiv.o(.text) for __aeabi_ddiv
    main.o(.text) refers to dadd.o(.text) for __aeabi_dadd
    main.o(.text) refers to cdcmple.o(.text) for __aeabi_cdcmple
    main.o(.text) refers to cdrcmple.o(.text) for __aeabi_cdrcmple
    main.o(.text) refers to buttom.o(.text) for UpdateButtom
    stm32f4xx_dma2d.o(.text) refers to stm32f4xx_rcc.o(.text) for RCC_AHB1PeriphResetCmd
    stm32f4xx_pwr.o(.text) refers to stm32f4xx_rcc.o(.text) for RCC_APB1PeriphResetCmd
    stm32f4xx_wwdg.o(.text) refers to stm32f4xx_rcc.o(.text) for RCC_APB1PeriphResetCmd
    stm32f4xx_spi.o(.text) refers to stm32f4xx_rcc.o(.text) for RCC_APB2PeriphResetCmd
    stm32f4xx_hash.o(.text) refers to stm32f4xx_rcc.o(.text) for RCC_AHB2PeriphResetCmd
    stm32f4xx_ltdc.o(.text) refers to stm32f4xx_rcc.o(.text) for RCC_APB2PeriphResetCmd
    stm32f4xx_sdio.o(.text) refers to stm32f4xx_rcc.o(.text) for RCC_APB2PeriphResetCmd
    stm32f4xx_tim.o(.text) refers to stm32f4xx_rcc.o(.text) for RCC_APB2PeriphResetCmd
    stm32f4xx_cryp.o(.text) refers to stm32f4xx_rcc.o(.text) for RCC_AHB2PeriphResetCmd
    stm32f4xx_cryp_tdes.o(.text) refers to stm32f4xx_cryp.o(.text) for CRYP_KeyStructInit
    stm32f4xx_cryp_aes.o(.text) refers to stm32f4xx_cryp.o(.text) for CRYP_KeyStructInit
    stm32f4xx_adc.o(.text) refers to stm32f4xx_rcc.o(.text) for RCC_APB2PeriphResetCmd
    stm32f4xx_cryp_des.o(.text) refers to stm32f4xx_cryp.o(.text) for CRYP_KeyStructInit
    stm32f4xx_i2c.o(.text) refers to stm32f4xx_rcc.o(.text) for RCC_APB1PeriphResetCmd
    stm32f4xx_usart.o(.text) refers to stm32f4xx_rcc.o(.text) for RCC_APB2PeriphResetCmd
    stm32f4xx_sai.o(.text) refers to stm32f4xx_rcc.o(.text) for RCC_APB2PeriphResetCmd
    stm32f4xx_rng.o(.text) refers to stm32f4xx_rcc.o(.text) for RCC_AHB2PeriphResetCmd
    stm32f4xx_fsmc.o(.text) refers to stm32f4xx_fsmc.o(.constdata) for FSMC_DefaultTimingStruct
    stm32f4xx_dac.o(.text) refers to stm32f4xx_rcc.o(.text) for RCC_APB1PeriphResetCmd
    stm32f4xx_can.o(.text) refers to stm32f4xx_rcc.o(.text) for RCC_APB1PeriphResetCmd
    stm32f4xx_rcc.o(.text) refers to stm32f4xx_rcc.o(.data) for APBAHBPrescTable
    stm32f4xx_hash_md5.o(.text) refers to stm32f4xx_hash.o(.text) for HASH_DeInit
    stm32f4xx_gpio.o(.text) refers to stm32f4xx_rcc.o(.text) for RCC_AHB1PeriphResetCmd
    stm32f4xx_syscfg.o(.text) refers to stm32f4xx_rcc.o(.text) for RCC_APB2PeriphResetCmd
    stm32f4xx_hash_sha1.o(.text) refers to stm32f4xx_hash.o(.text) for HASH_DeInit
    startup_stm32f40_41xxx.o(RESET) refers to startup_stm32f40_41xxx.o(STACK) for __initial_sp
    startup_stm32f40_41xxx.o(RESET) refers to startup_stm32f40_41xxx.o(.text) for Reset_Handler
    startup_stm32f40_41xxx.o(RESET) refers to stm32f4xx_it.o(.text) for NMI_Handler
    startup_stm32f40_41xxx.o(.text) refers to system_stm32f4xx.o(.text) for SystemInit
    startup_stm32f40_41xxx.o(.text) refers to entry.o(.ARM.Collect$$$$00000000) for __main
    board.o(.text) refers to stm32f4xx_rcc.o(.text) for RCC_AHB1PeriphClockCmd
    board.o(.text) refers to stm32f4xx_gpio.o(.text) for GPIO_Init
    board.o(.text) refers to board.o(.data) for _timeBaseStructure
    serial.o(.text) refers to stm32f4xx_rcc.o(.text) for RCC_AHB1PeriphClockCmd
    serial.o(.text) refers to stm32f4xx_gpio.o(.text) for GPIO_PinAFConfig
    serial.o(.text) refers to stm32f4xx_usart.o(.text) for USART_Init
[...]
    Removing stm32f4xx_cryp.o(.rev16_text), (4 bytes).
    Removing stm32f4xx_cryp.o(.revsh_text), (4 bytes).
    Removing stm32f4xx_cryp.o(.rrx_text), (6 bytes).
    Removing stm32f4xx_cryp.o(.text), (856 bytes).
    Removing stm32f4xx_rtc.o(.rev16_text), (4 bytes).
    Removing stm32f4xx_rtc.o(.revsh_text), (4 bytes).
    Removing stm32f4xx_rtc.o(.rrx_text), (6 bytes).
    Removing stm32f4xx_rtc.o(.text), (3440 bytes).
    Removing stm32f4xx_cryp_tdes.o(.rev16_text), (4 bytes).
    Removing stm32f4xx_cryp_tdes.o(.revsh_text), (4 bytes).
    Removing stm32f4xx_cryp_tdes.o(.rrx_text), (6 bytes).
    Removing stm32f4xx_cryp_tdes.o(.text), (540 bytes).
    Removing stm32f4xx_cryp_aes.o(.rev16_text), (4 bytes).
    Removing stm32f4xx_cryp_aes.o(.revsh_text), (4 bytes).
    Removing stm32f4xx_cryp_aes.o(.rrx_text), (6 bytes).
    Removing stm32f4xx_cryp_aes.o(.text), (4586 bytes).
    Removing stm32f4xx_adc.o(.rev16_text), (4 bytes).
    Removing stm32f4xx_adc.o(.revsh_text), (4 bytes).
    Removing stm32f4xx_adc.o(.rrx_text), (6 bytes).
    Removing stm32f4xx_cryp_des.o(.rev16_text), (4 bytes).
    Removing stm32f4xx_cryp_des.o(.revsh_text), (4 bytes).
    Removing stm32f4xx_cryp_des.o(.rrx_text), (6 bytes).
    Removing stm32f4xx_cryp_des.o(.text), (476 bytes).
    Removing stm32f4xx_i2c.o(.rev16_text), (4 bytes).
    Removing stm32f4xx_i2c.o(.revsh_text), (4 bytes).
    Removing stm32f4xx_i2c.o(.rrx_text), (6 bytes).
    Removing stm32f4xx_i2c.o(.text), (1110 bytes).
    Removing stm32f4xx_spdifrx.o(.rev16_text), (4 bytes).
    Removing stm32f4xx_spdifrx.o(.revsh_text), (4 bytes).
    Removing stm32f4xx_spdifrx.o(.rrx_text), (6 bytes).
    Removing stm32f4xx_usart.o(.rev16_text), (4 bytes).
    Removing stm32f4xx_usart.o(.revsh_text), (4 bytes).
    Removing stm32f4xx_usart.o(.rrx_text), (6 bytes).
    Removing stm32f4xx_sai.o(.rev16_text), (4 bytes).
    Removing stm32f4xx_sai.o(.revsh_text), (4 bytes).
    Removing stm32f4xx_sai.o(.rrx_text), (6 bytes).
    Removing stm32f4xx_sai.o(.text), (540 bytes).
    Removing stm32f4xx_crc.o(.rev16_text), (4 bytes).
    Removing stm32f4xx_crc.o(.revsh_text), (4 bytes).
    Removing stm32f4xx_crc.o(.rrx_text), (6 bytes).
    Removing stm32f4xx_crc.o(.text), (72 bytes).
    Removing stm32f4xx_rng.o(.rev16_text), (4 bytes).
    Removing stm32f4xx_rng.o(.revsh_text), (4 bytes).
    Removing stm32f4xx_rng.o(.rrx_text), (6 bytes).
    Removing stm32f4xx_rng.o(.text), (160 bytes).
    Removing misc.o(.rev16_text), (4 bytes).
    Removing misc.o(.revsh_text), (4 bytes).
    Removing misc.o(.rrx_text), (6 bytes).
    Removing stm32f4xx_fsmc.o(.rev16_text), (4 bytes).
    Removing stm32f4xx_fsmc.o(.revsh_text), (4 bytes).
    Removing stm32f4xx_fsmc.o(.rrx_text), (6 bytes).
    Removing stm32f4xx_fsmc.o(.text), (1684 bytes).
    Removing stm32f4xx_fsmc.o(.constdata), (28 bytes).
    Removing stm32f4xx_exti.o(.rev16_text), (4 bytes).
    Removing stm32f4xx_exti.o(.revsh_text), (4 bytes).
    Removing stm32f4xx_exti.o(.rrx_text), (6 bytes).
    Removing stm32f4xx_exti.o(.text), (272 bytes).
    Removing stm32f4xx_dac.o(.rev16_text), (4 bytes).
    Removing stm32f4xx_dac.o(.revsh_text), (4 bytes).
    Removing stm32f4xx_dac.o(.rrx_text), (6 bytes).
    Removing stm32f4xx_dac.o(.text), (528 bytes).
    Removing stm32f4xx_lptim.o(.rev16_text), (4 bytes).
    Removing stm32f4xx_lptim.o(.revsh_text), (4 bytes).
    Removing stm32f4xx_lptim.o(.rrx_text), (6 bytes).
    Removing stm32f4xx_can.o(.rev16_text), (4 bytes).
    Removing stm32f4xx_can.o(.revsh_text), (4 bytes).
    Removing stm32f4xx_can.o(.rrx_text), (6 bytes).
    Removing stm32f4xx_can.o(.text), (2544 bytes).
    Removing stm32f4xx_dcmi.o(.rev16_text), (4 bytes).
    Removing stm32f4xx_dcmi.o(.revsh_text), (4 bytes).
    Removing stm32f4xx_dcmi.o(.rrx_text), (6 bytes).
    Removing stm32f4xx_dcmi.o(.text), (396 bytes).
    Removing stm32f4xx_rcc.o(.rev16_text), (4 bytes).
    Removing stm32f4xx_rcc.o(.revsh_text), (4 bytes).
    Removing stm32f4xx_rcc.o(.rrx_text), (6 bytes).
    Removing stm32f4xx_hash_md5.o(.rev16_text), (4 bytes).
    Removing stm32f4xx_hash_md5.o(.revsh_text), (4 bytes).
    Removing stm32f4xx_hash_md5.o(.rrx_text), (6 bytes).
    Removing stm32f4xx_hash_md5.o(.text), (534 bytes).
    Removing stm32f4xx_gpio.o(.rev16_text), (4 bytes).
    Removing stm32f4xx_gpio.o(.revsh_text), (4 bytes).
    Removing stm32f4xx_gpio.o(.rrx_text), (6 bytes).
    Removing stm32f4xx_syscfg.o(.rev16_text), (4 bytes).
    Removing stm32f4xx_syscfg.o(.revsh_text), (4 bytes).
    Removing stm32f4xx_syscfg.o(.rrx_text), (6 bytes).
    Removing stm32f4xx_syscfg.o(.text), (148 bytes).
    Removing stm32f4xx_dma.o(.rev16_text), (4 bytes).
    Removing stm32f4xx_dma.o(.revsh_text), (4 bytes).
    Removing stm32f4xx_dma.o(.rrx_text), (6 bytes).
    Removing stm32f4xx_dma.o(.text), (936 bytes).
    Removing stm32f4xx_hash_sha1.o(.rev16_text), (4 bytes).
    Removing stm32f4xx_hash_sha1.o(.revsh_text), (4 bytes).
    Removing stm32f4xx_hash_sha1.o(.rrx_text), (6 bytes).
    Removing stm32f4xx_hash_sha1.o(.text), (548 bytes).
    Removing startup_stm32f40_41xxx.o(HEAP), (512 bytes).
    Removing board.o(.rev16_text), (4 bytes).
    Removing board.o(.revsh_text), (4 bytes).
    Removing board.o(.rrx_text), (6 bytes).
    Removing serial.o(.rev16_text), (4 bytes).
    Removing serial.o(.revsh_text), (4 bytes).
    Removing serial.o(.rrx_text), (6 bytes).
    Removing systick.o(.rev16_text), (4 bytes).
    Removing systick.o(.revsh_text), (4 bytes).
    Removing systick.o(.rrx_text), (6 bytes).
    Removing motor.o(.rev16_text), (4 bytes).
    Removing motor.o(.revsh_text), (4 bytes).
    Removing motor.o(.rrx_text), (6 bytes).
    Removing motor.o(.constdata), (8 bytes).
    Removing encoder.o(.rev16_text), (4 bytes).
    Removing encoder.o(.revsh_text), (4 bytes).
    Removing encoder.o(.rrx_text), (6 bytes).
    Removing buttom.o(.rev16_text), (4 bytes).
    Removing buttom.o(.revsh_text), (4 bytes).
    Removing buttom.o(.rrx_text), (6 bytes).
    Removing gyro.o(.rev16_text), (4 bytes).
    Removing gyro.o(.revsh_text), (4 bytes).
    Removing gyro.o(.rrx_text), (6 bytes).
    Removing gyro.o(.text), (1824 bytes).
    Removing gyro.o(.data), (30 bytes).
    Removing servo.o(.rev16_text), (4 bytes).
    Removing servo.o(.revsh_text), (4 bytes).
    Removing servo.o(.rrx_text), (6 bytes).
    Removing servo.o(.text), (340 bytes).
    Removing dflti.o(.text), (34 bytes).
    Removing f2d.o(.text), (38 bytes).
    Removing motor.o(i.GetMotorSpeed), (20 bytes).

181 unused section(s) (total 29996 bytes) removed from the image.

==============================================================================

Image Symbol Table

    Local Symbols

    Symbol Name                              Value     Ov Type        Size  Object(Section)

    ../../../Libraries/CMSIS/Device/ST/STM32F4xx/Source/Templates/arm/startup_stm32f40_41xxx.s 0x00000000   Number         0  startup_stm32f40_41xxx.o ABSOLUTE
    ../../../Libraries/STM32F4xx_StdPeriph_Driver/src/misc.c 0x00000000   Number         0  misc.o ABSOLUTE
    ../../../Libraries/STM32F4xx_StdPeriph_Driver/src/stm32f4xx_adc.c 0x00000000   Number         0  stm32f4xx_adc.o ABSOLUTE
    ../../../Libraries/STM32F4xx_StdPeriph_Driver/src/stm32f4xx_can.c 0x00000000   Number         0  stm32f4xx_can.o ABSOLUTE
    ../../../Libraries/STM32F4xx_StdPeriph_Driver/src/stm32f4xx_crc.c 0x00000000   Number         0  stm32f4xx_crc.o ABSOLUTE
    ../../../Libraries/STM32F4xx_StdPeriph_Driver/src/stm32f4xx_cryp.c 0x00000000   Number         0  stm32f4xx_cryp.o ABSOLUTE
    ../../../Libraries/STM32F4xx_StdPeriph_Driver/src/stm32f4xx_cryp_aes.c 0x00000000   Number         0  stm32f4xx_cryp_aes.o ABSOLUTE
    ../../../Libraries/STM32F4xx_StdPeriph_Driver/src/stm32f4xx_cryp_des.c 0x00000000   Number         0  stm32f4xx_cryp_des.o ABSOLUTE
    ../../../Libraries/STM32F4xx_StdPeriph_Driver/src/stm32f4xx_cryp_tdes.c 0x00000000   Number         0  stm32f4xx_cryp_tdes.o ABSOLUTE
    ../../../Libraries/STM32F4xx_StdPeriph_Driver/src/stm32f4xx_dac.c 0x00000000   Number         0  stm32f4xx_dac.o ABSOLUTE
    ../../../Libraries/STM32F4xx_StdPeriph_Driver/src/stm32f4xx_dbgmcu.c 0x00000000   Number         0  stm32f4xx_dbgmcu.o ABSOLUTE
    ../../../Libraries/STM32F4xx_StdPeriph_Driver/src/stm32f4xx_dcmi.c 0x00000000   Number         0  stm32f4xx_dcmi.o ABSOLUTE
    ../../../Libraries/STM32F4xx_StdPeriph_Driver/src/stm32f4xx_dfsdm.c 0x00000000   Number         0  stm32f4xx_dfsdm.o ABSOLUTE
    ../../../Libraries/STM32F4xx_StdPeriph_Driver/src/stm32f4xx_dma.c 0x00000000   Number         0  stm32f4xx_dma.o ABSOLUTE
    ../../../Libraries/STM32F4xx_StdPeriph_Driver/src/stm32f4xx_dma2d.c 0x00000000   Number         0  stm32f4xx_dma2d.o ABSOLUTE
    ../../../Libraries/STM32F4xx_StdPeriph_Driver/src/stm32f4xx_exti.c 0x00000000   Number         0  stm32f4xx_exti.o ABSOLUTE
    ../../../Libraries/STM32F4xx_StdPeriph_Driver/src/stm32f4xx_flash.c 0x00000000   Number         0  stm32f4xx_flash.o ABSOLUTE
    ../../../Libraries/STM32F4xx_StdPeriph_Driver/src/stm32f4xx_fmpi2c.c 0x00000000   Number         0  stm32f4xx_fmpi2c.o ABSOLUTE
    ../../../Libraries/STM32F4xx_StdPeriph_Driver/src/stm32f4xx_fsmc.c 0x00000000   Number         0  stm32f4xx_fsmc.o ABSOLUTE
    ../../../Libraries/STM32F4xx_StdPeriph_Driver/src/stm32f4xx_gpio.c 0x00000000   Number         0  stm32f4xx_gpio.o ABSOLUTE
    ../../../Libraries/STM32F4xx_StdPeriph_Driver/src/stm32f4xx_hash.c 0x00000000   Number         0  stm32f4xx_hash.o ABSOLUTE
    ../../../Libraries/STM32F4xx_StdPeriph_Driver/src/stm32f4xx_hash_md5.c 0x00000000   Number         0  stm32f4xx_hash_md5.o ABSOLUTE
    ../../../Libraries/STM32F4xx_StdPeriph_Driver/src/stm32f4xx_hash_sha1.c 0x00000000   Number         0  stm32f4xx_hash_sha1.o ABSOLUTE
    ../../../Libraries/STM32F4xx_StdPeriph_Driver/src/stm32f4xx_i2c.c 0x00000000   Number         0  stm32f4xx_i2c.o ABSOLUTE
    ../../../Libraries/STM32F4xx_StdPeriph_Driver/src/stm32f4xx_iwdg.c 0x00000000   Number         0  stm32f4xx_iwdg.o ABSOLUTE
    ../../../Libraries/STM32F4xx_StdPeriph_Driver/src/stm32f4xx_lptim.c 0x00000000   Number         0  stm32f4xx_lptim.o ABSOLUTE
    ../../../Libraries/STM32F4xx_StdPeriph_Driver/src/stm32f4xx_ltdc.c 0x00000000   Number         0  stm32f4xx_ltdc.o ABSOLUTE
    ../../../Libraries/STM32F4xx_StdPeriph_Driver/src/stm32f4xx_pwr.c 0x00000000   Number         0  stm32f4xx_pwr.o ABSOLUTE
    ../../../Libraries/STM32F4xx_StdPeriph_Driver/src/stm32f4xx_rcc.c 0x00000000   Number         0  stm32f4xx_rcc.o ABSOLUTE
    ../../../Libraries/STM32F4xx_StdPeriph_Driver/src/stm32f4xx_rng.c 0x00000000   Number         0  stm32f4xx_rng.o ABSOLUTE
    ../../../Libraries/STM32F4xx_StdPeriph_Driver/src/stm32f4xx_rtc.c 0x00000000   Number         0  stm32f4xx_rtc.o ABSOLUTE
    ../../../Libraries/STM32F4xx_StdPeriph_Driver/src/stm32f4xx_sai.c 0x00000000   Number         0  stm32f4xx_sai.o ABSOLUTE
    ../../../Libraries/STM32F4xx_StdPeriph_Driver/src/stm32f4xx_sdio.c 0x00000000   Number         0  stm32f4xx_sdio.o ABSOLUTE
    ../../../Libraries/STM32F4xx_StdPeriph_Driver/src/stm32f4xx_spdifrx.c 0x00000000   Number         0  stm32f4xx_spdifrx.o ABSOLUTE
    ../../../Libraries/STM32F4xx_StdPeriph_Driver/src/stm32f4xx_spi.c 0x00000000   Number         0  stm32f4xx_spi.o ABSOLUTE
    ../../../Libraries/STM32F4xx_StdPeriph_Driver/src/stm32f4xx_syscfg.c 0x00000000   Number         0  stm32f4xx_syscfg.o ABSOLUTE
    ../../../Libraries/STM32F4xx_StdPeriph_Driver/src/stm32f4xx_tim.c 0x00000000   Number         0  stm32f4xx_tim.o ABSOLUTE
    ../../../Libraries/STM32F4xx_StdPeriph_Driver/src/stm32f4xx_usart.c 0x00000000   Number         0  stm32f4xx_usart.o ABSOLUTE
    ../../../Libraries/STM32F4xx_StdPeriph_Driver/src/stm32f4xx_wwdg.c 0x00000000   Number         0  stm32f4xx_wwdg.o ABSOLUTE
    ../clib/microlib/division.c              0x00000000   Number         0  uidiv.o ABSOLUTE
    ../clib/microlib/division.c              0x00000000   Number         0  uldiv.o ABSOLUTE
    ../clib/microlib/init/entry.s            0x00000000   Number         0  entry5.o ABSOLUTE
    ../clib/microlib/init/entry.s            0x00000000   Number         0  entry2.o ABSOLUTE
    ../clib/microlib/init/entry.s            0x00000000   Number         0  entry.o ABSOLUTE
    ../clib/microlib/init/entry.s            0x00000000   Number         0  entry11b.o ABSOLUTE
    ../clib/microlib/init/entry.s            0x00000000   Number         0  entry11a.o ABSOLUTE
    ../clib/microlib/init/entry.s            0x00000000   Number         0  entry10b.o ABSOLUTE
    ../clib/microlib/init/entry.s            0x00000000   Number         0  entry10a.o ABSOLUTE
    ../clib/microlib/init/entry.s            0x00000000   Number         0  entry9b.o ABSOLUTE
    ../clib/microlib/init/entry.s            0x00000000   Number         0  entry9a.o ABSOLUTE
    ../clib/microlib/init/entry.s            0x00000000   Number         0  entry8b.o ABSOLUTE
    ../clib/microlib/init/entry.s            0x00000000   Number         0  entry8a.o ABSOLUTE
    ../clib/microlib/init/entry.s            0x00000000   Number         0  entry7b.o ABSOLUTE
    ../clib/microlib/init/entry.s            0x00000000   Number         0  entry7a.o ABSOLUTE
    ../clib/microlib/longlong.c              0x00000000   Number         0  llsshr.o ABSOLUTE
    ../clib/microlib/longlong.c              0x00000000   Number         0  llushr.o ABSOLUTE
    ../clib/microlib/longlong.c              0x00000000   Number         0  llshl.o ABSOLUTE
    ../clib/microlib/printf/printf.c         0x00000000   Number         0  printf7.o ABSOLUTE
    ../clib/microlib/printf/printf.c         0x00000000   Number         0  printf6.o ABSOLUTE
    ../clib/microlib/printf/printf.c         0x00000000   Number         0  printf8.o ABSOLUTE
    ../clib/microlib/printf/printf.c         0x00000000   Number         0  printf2.o ABSOLUTE
    ../clib/microlib/printf/printf.c         0x00000000   Number         0  printf3.o ABSOLUTE
    ../clib/microlib/printf/printf.c         0x00000000   Number         0  printfa.o ABSOLUTE
    ../clib/microlib/printf/printf.c         0x00000000   Number         0  printf5.o ABSOLUTE
    ../clib/microlib/printf/printf.c         0x00000000   Number         0  printf4.o ABSOLUTE
    ../clib/microlib/printf/printf.c         0x00000000   Number         0  printf1.o ABSOLUTE
    ../clib/microlib/printf/printf.c         0x00000000   Number         0  printf0.o ABSOLUTE
    ../clib/microlib/printf/printf.c         0x00000000   Number         0  printfb.o ABSOLUTE
    ../clib/microlib/printf/stubs.s          0x00000000   Number         0  stubs.o ABSOLUTE
    ../clib/microlib/stdio/streams.c         0x00000000   Number         0  stdout.o ABSOLUTE
    ../clib/microlib/stubs.s                 0x00000000   Number         0  iusefp.o ABSOLUTE
    ../fplib/microlib/f2d.c                  0x00000000   Number         0  f2d.o ABSOLUTE
    ../fplib/microlib/fpadd.c                0x00000000   Number         0  dadd.o ABSOLUTE
    ../fplib/microlib/fpdiv.c                0x00000000   Number         0  ddiv.o ABSOLUTE
    ../fplib/microlib/fpepilogue.c           0x00000000   Number         0  depilogue.o ABSOLUTE
    ../fplib/microlib/fpfix.c                0x00000000   Number         0  dfixul.o ABSOLUTE
    ../fplib/microlib/fpfix.c                0x00000000   Number         0  dfixi.o ABSOLUTE
    ../fplib/microlib/fpflt.c                0x00000000   Number         0  dfltui.o ABSOLUTE
    ../fplib/microlib/fpflt.c                0x00000000   Number         0  dflti.o ABSOLUTE
    ../fplib/microlib/fpmul.c                0x00000000   Number         0  dmul.o ABSOLUTE
    ../main.c                                0x00000000   Number         0  main.o ABSOLUTE
    ../stm32f4xx_it.c                        0x00000000   Number         0  stm32f4xx_it.o ABSOLUTE
    ../system_stm32f4xx.c                    0x00000000   Number         0  system_stm32f4xx.o ABSOLUTE
    ..\..\..\Libraries\STM32F4xx_StdPeriph_Driver\src\misc.c 0x00000000   Number         0  misc.o ABSOLUTE
    ..\..\..\Libraries\STM32F4xx_StdPeriph_Driver\src\stm32f4xx_adc.c 0x00000000   Number         0  stm32f4xx_adc.o ABSOLUTE
    ..\..\..\Libraries\STM32F4xx_StdPeriph_Driver\src\stm32f4xx_can.c 0x00000000   Number         0  stm32f4xx_can.o ABSOLUTE
    ..\..\..\Libraries\STM32F4xx_StdPeriph_Driver\src\stm32f4xx_crc.c 0x00000000   Number         0  stm32f4xx_crc.o ABSOLUTE
    ..\..\..\Libraries\STM32F4xx_StdPeriph_Driver\src\stm32f4xx_cryp.c 0x00000000   Number         0  stm32f4xx_cryp.o ABSOLUTE
    ..\..\..\Libraries\STM32F4xx_StdPeriph_Driver\src\stm32f4xx_cryp_aes.c 0x00000000   Number         0  stm32f4xx_cryp_aes.o ABSOLUTE
    ..\..\..\Libraries\STM32F4xx_StdPeriph_Driver\src\stm32f4xx_cryp_des.c 0x00000000   Number         0  stm32f4xx_cryp_des.o ABSOLUTE
    ..\..\..\Libraries\STM32F4xx_StdPeriph_Driver\src\stm32f4xx_cryp_tdes.c 0x00000000   Number         0  stm32f4xx_cryp_tdes.o ABSOLUTE
    ..\..\..\Libraries\STM32F4xx_StdPeriph_Driver\src\stm32f4xx_dac.c 0x00000000   Number         0  stm32f4xx_dac.o ABSOLUTE
    ..\..\..\Libraries\STM32F4xx_StdPeriph_Driver\src\stm32f4xx_dbgmcu.c 0x00000000   Number         0  stm32f4xx_dbgmcu.o ABSOLUTE
    ..\..\..\Libraries\STM32F4xx_StdPeriph_Driver\src\stm32f4xx_dcmi.c 0x00000000   Number         0  stm32f4xx_dcmi.o ABSOLUTE
    ..\..\..\Libraries\STM32F4xx_StdPeriph_Driver\src\stm32f4xx_dfsdm.c 0x00000000   Number         0  stm32f4xx_dfsdm.o ABSOLUTE
    ..\..\..\Libraries\STM32F4xx_StdPeriph_Driver\src\stm32f4xx_dma.c 0x00000000   Number         0  stm32f4xx_dma.o ABSOLUTE
    ..\..\..\Libraries\STM32F4xx_StdPeriph_Driver\src\stm32f4xx_dma2d.c 0x00000000   Number         0  stm32f4xx_dma2d.o ABSOLUTE
    ..\..\..\Libraries\STM32F4xx_StdPeriph_Driver\src\stm32f4xx_exti.c 0x00000000   Number         0  stm32f4xx_exti.o ABSOLUTE
    ..\..\..\Libraries\STM32F4xx_StdPeriph_Driver\src\stm32f4xx_flash.c 0x00000000   Number         0  stm32f4xx_flash.o ABSOLUTE
    ..\..\..\Libraries\STM32F4xx_StdPeriph_Driver\src\stm32f4xx_fmpi2c.c 0x00000000   Number         0  stm32f4xx_fmpi2c.o ABSOLUTE
    ..\..\..\Libraries\STM32F4xx_StdPeriph_Driver\src\stm32f4xx_fsmc.c 0x00000000   Number         0  stm32f4xx_fsmc.o ABSOLUTE
    ..\..\..\Libraries\STM32F4xx_StdPeriph_Driver\src\stm32f4xx_gpio.c 0x00000000   Number         0  stm32f4xx_gpio.o ABSOLUTE
    ..\..\..\Libraries\STM32F4xx_StdPeriph_Driver\src\stm32f4xx_hash.c 0x00000000   Number         0  stm32f4xx_hash.o ABSOLUTE
    ..\..\..\Libraries\STM32F4xx_StdPeriph_Driver\src\stm32f4xx_hash_md5.c 0x00000000   Number         0  stm32f4xx_hash_md5.o ABSOLUTE
    ..\..\..\Libraries\STM32F4xx_StdPeriph_Driver\src\stm32f4xx_hash_sha1.c 0x00000000   Number         0  stm32f4xx_hash_sha1.o ABSOLUTE
    ..\..\..\Libraries\STM32F4xx_StdPeriph_Driver\src\stm32f4xx_i2c.c 0x00000000   Number         0  stm32f4xx_i2c.o ABSOLUTE
    ..\..\..\Libraries\STM32F4xx_StdPeriph_Driver\src\stm32f4xx_iwdg.c 0x00000000   Number         0  stm32f4xx_iwdg.o ABSOLUTE
    ..\..\..\Libraries\STM32F4xx_StdPeriph_Driver\src\stm32f4xx_lptim.c 0x00000000   Number         0  stm32f4xx_lptim.o ABSOLUTE
    ..\..\..\Libraries\STM32F4xx_StdPeriph_Driver\src\stm32f4xx_ltdc.c 0x00000000   Number         0  stm32f4xx_ltdc.o ABSOLUTE
    ..\..\..\Libraries\STM32F4xx_StdPeriph_Driver\src\stm32f4xx_pwr.c 0x00000000   Number         0  stm32f4xx_pwr.o ABSOLUTE
    ..\..\..\Libraries\STM32F4xx_StdPeriph_Driver\src\stm32f4xx_rcc.c 0x00000000   Number         0  stm32f4xx_rcc.o ABSOLUTE
    ..\..\..\Libraries\STM32F4xx_StdPeriph_Driver\src\stm32f4xx_rng.c 0x00000000   Number         0  stm32f4xx_rng.o ABSOLUTE
    ..\..\..\Libraries\STM32F4xx_StdPeriph_Driver\src\stm32f4xx_rtc.c 0x00000000   Number         0  stm32f4xx_rtc.o ABSOLUTE
    ..\..\..\Libraries\STM32F4xx_StdPeriph_Driver\src\stm32f4xx_sai.c 0x00000000   Number         0  stm32f4xx_sai.o ABSOLUTE
    ..\..\..\Libraries\STM32F4xx_StdPeriph_Driver\src\stm32f4xx_sdio.c 0x00000000   Number         0  stm32f4xx_sdio.o ABSOLUTE
    ..\..\..\Libraries\STM32F4xx_StdPeriph_Driver\src\stm32f4xx_spdifrx.c 0x00000000   Number         0  stm32f4xx_spdifrx.o ABSOLUTE
    ..\..\..\Libraries\STM32F4xx_StdPeriph_Driver\src\stm32f4xx_spi.c 0x00000000   Number         0  stm32f4xx_spi.o ABSOLUTE
    ..\..\..\Libraries\STM32F4xx_StdPeriph_Driver\src\stm32f4xx_syscfg.c 0x00000000   Number         0  stm32f4xx_syscfg.o ABSOLUTE
    ..\..\..\Libraries\STM32F4xx_StdPeriph_Driver\src\stm32f4xx_tim.c 0x00000000   Number         0  stm32f4xx_tim.o ABSOLUTE
    ..\..\..\Libraries\STM32F4xx_StdPeriph_Driver\src\stm32f4xx_usart.c 0x00000000   Number         0  stm32f4xx_usart.o ABSOLUTE
    ..\..\..\Libraries\STM32F4xx_StdPeriph_Driver\src\stm32f4xx_wwdg.c 0x00000000   Number         0  stm32f4xx_wwdg.o ABSOLUTE
    ..\\_Layer\\board.c                      0x00000000   Number         0  board.o ABSOLUTE
    ..\\_Layer\\buttom.c                     0x00000000   Number         0  buttom.o ABSOLUTE
    ..\\_Layer\\encoder.c                    0x00000000   Number         0  encoder.o ABSOLUTE
    ..\\_Layer\\gyro.c                       0x00000000   Number         0  gyro.o ABSOLUTE
    ..\\_Layer\\motor.c                      0x00000000   Number         0  motor.o ABSOLUTE
    ..\\_Layer\\serial.c                     0x00000000   Number         0  serial.o ABSOLUTE
    ..\\_Layer\\servo.c                      0x00000000   Number         0  servo.o ABSOLUTE
    ..\\_Layer\\systick.c                    0x00000000   Number         0  systick.o ABSOLUTE
    ..\_Layer\board.c                        0x00000000   Number         0  board.o ABSOLUTE
    ..\_Layer\buttom.c                       0x00000000   Number         0  buttom.o ABSOLUTE
    ..\_Layer\encoder.c                      0x00000000   Number         0  encoder.o ABSOLUTE
    ..\_Layer\gyro.c                         0x00000000   Number         0  gyro.o ABSOLUTE
    ..\_Layer\motor.c                        0x00000000   Number         0  motor.o ABSOLUTE
    ..\_Layer\serial.c                       0x00000000   Number         0  serial.o ABSOLUTE
    ..\_Layer\servo.c                        0x00000000   Number         0  servo.o ABSOLUTE
    ..\_Layer\systick.c                      0x00000000   Number         0  systick.o ABSOLUTE
    ..\stm32f4xx_it.c                        0x00000000   Number         0  stm32f4xx_it.o ABSOLUTE
    ..\system_stm32f4xx.c                    0x00000000   Number         0  system_stm32f4xx.o ABSOLUTE
    cdcmple.s                                0x00000000   Number         0  cdcmple.o ABSOLUTE
    cdrcmple.s                               0x00000000   Number         0  cdrcmple.o ABSOLUTE
    dc.s                                     0x00000000   Number         0  dc.o ABSOLUTE
    handlers.s                               0x00000000   Number         0  handlers.o ABSOLUTE
    init.s                                   0x00000000   Number         0  init.o ABSOLUTE
    RESET                                    0x08000000   Section      392  startup_stm32f40_41xxx.o(RESET)
    .ARM.Collect$$$$00000000                 0x08000188   Section        0  entry.o(.ARM.Collect$$$$00000000)
    .ARM.Collect$$$$00000001                 0x08000188   Section        4  entry2.o(.ARM.Collect$$$$00000001)
    .ARM.Collect$$$$00000004                 0x0800018c   Section        4  entry5.o(.ARM.Collect$$$$00000004)
    .ARM.Collect$$$$00000008                 0x08000190   Section        0  entry7b.o(.ARM.Collect$$$$00000008)
    .ARM.Collect$$$$0000000A                 0x08000190   Section        0  entry8b.o(.ARM.Collect$$$$0000000A)
    .ARM.Collect$$$$0000000B                 0x08000190   Section        8  entry9a.o(.ARM.Collect$$$$0000000B)
    .ARM.Collect$$$$0000000D                 0x08000198   Section        0  entry10a.o(.ARM.Collect$$$$0000000D)
    .ARM.Collect$$$$0000000F                 0x08000198   Section        0  entry11a.o(.ARM.Collect$$$$0000000F)
    .ARM.Collect$$$$00002712                 0x08000198   Section        4  entry2.o(.ARM.Collect$$$$00002712)
    __lit__00000000                          0x08000198   Data           4  entry2.o(.ARM.Collect$$$$00002712)
    .text                                    0x0800019c   Section        0  system_stm32f4xx.o(.text)
    SetSysClock                              0x0800019d   Thumb Code   220  system_stm32f4xx.o(.text)
    .text                                    0x080003ac   Section        0  stm32f4xx_it.o(.text)
    .text                                    0x080003f4   Section        0  main.o(.text)
    .text                                    0x08000690   Section        0  stm32f4xx_tim.o(.text)
    TI4_Config                               0x08000e2f   Thumb Code    80  stm32f4xx_tim.o(.text)
    TI3_Config                               0x08000e91   Thumb Code    72  stm32f4xx_tim.o(.text)
    TI2_Config                               0x08000ef3   Thumb Code    90  stm32f4xx_tim.o(.text)
    TI1_Config                               0x08000f5f   Thumb Code    58  stm32f4xx_tim.o(.text)
    .text                                    0x08001334   Section        0  stm32f4xx_adc.o(.text)
    .text                                    0x08001798   Section        0  stm32f4xx_usart.o(.text)
    .text                                    0x08001bec   Section        0  misc.o(.text)
    .text                                    0x08001ccc   Section        0  stm32f4xx_rcc.o(.text)
    .text                                    0x08002328   Section        0  stm32f4xx_gpio.o(.text)
    .text                                    0x080025bc   Section       36  startup_stm32f40_41xxx.o(.text)
    $v0                                      0x080025bc   Number         0  startup_stm32f40_41xxx.o(.text)
    .text                                    0x080025e0   Section        0  board.o(.text)
    .text                                    0x08002630   Section        0  serial.o(.text)
    .text                                    0x08002740   Section        0  systick.o(.text)
    __NVIC_SetPriority                       0x08002741   Thumb Code    32  systick.o(.text)
    .text                                    0x080027c4   Section        0  motor.o(.text)
    .text                                    0x08002a98   Section        0  encoder.o(.text)
    _CaptureFrequency                        0x08002b97   Thumb Code   108  encoder.o(.text)
    .text                                    0x08002cec   Section        0  buttom.o(.text)
    .text                                    0x08002f88   Section        0  dadd.o(.text)
    .text                                    0x080030d6   Section        0  dmul.o(.text)
    .text                                    0x080031ba   Section        0  ddiv.o(.text)
    .text                                    0x08003298   Section        0  dfltui.o(.text)
    .text                                    0x080032b2   Section        0  dfixi.o(.text)
    .text                                    0x080032f0   Section       48  cdcmple.o(.text)
    .text                                    0x08003320   Section       48  cdrcmple.o(.text)
    .text                                    0x08003350   Section        0  uidiv.o(.text)
    .text                                    0x0800337c   Section        0  uldiv.o(.text)
    .text                                    0x080033de   Section        0  llshl.o(.text)
    .text                                    0x080033fc   Section        0  llushr.o(.text)
    .text                                    0x0800341c   Section        0  llsshr.o(.text)
    .text                                    0x08003440   Section        0  iusefp.o(.text)
    .text                                    0x08003440   Section        0  depilogue.o(.text)
    .text                                    0x080034fa   Section        0  dfixul.o(.text)
    .text                                    0x0800352c   Section       36  init.o(.text)
    i.GetLRSpeed                             0x08003550   Section        0  encoder.o(i.GetLRSpeed)
    i.GetRFSpeed                             0x080035a4   Section        0  encoder.o(i.GetRFSpeed)
    i.SetMotorState                          0x080035f8   Section        0  motor.o(i.SetMotorState)
    i._DelayOneMs_Interrupt                  0x08003614   Section        0  systick.o(i._DelayOneMs_Interrupt)
    i._Timer2Capture_Interrupt               0x0800362c   Section        0  encoder.o(i._Timer2Capture_Interrupt)
    i._Timer5Capture_Interrupt               0x080036c0   Section        0  encoder.o(i._Timer5Capture_Interrupt)
    i._UsartReceive_Interrupt                0x08003750   Section        0  serial.o(i._UsartReceive_Interrupt)
    i.__0printf                              0x080037c8   Section        0  printfa.o(i.__0printf)
    i.__scatterload_copy                     0x080037e8   Section       14  handlers.o(i.__scatterload_copy)
    i.__scatterload_null                     0x080037f6   Section        2  handlers.o(i.__scatterload_null)
    i.__scatterload_zeroinit                 0x080037f8   Section       14  handlers.o(i.__scatterload_zeroinit)
    i._forwardTime_Interrupt                 0x08003808   Section        0  motor.o(i._forwardTime_Interrupt)
    i._fp_digits                             0x08003850   Section        0  printfa.o(i._fp_digits)
    _fp_digits                               0x08003851   Thumb Code   366  printfa.o(i._fp_digits)
    i._printf_core                           0x080039d4   Section        0  printfa.o(i._printf_core)
    _printf_core                             0x080039d5   Thumb Code  1744  printfa.o(i._printf_core)
    i._printf_post_padding                   0x080040b0   Section        0  printfa.o(i._printf_post_padding)
    _printf_post_padding                     0x080040b1   Thumb Code    36  printfa.o(i._printf_post_padding)
    i._printf_pre_padding                    0x080040d4   Section        0  printfa.o(i._printf_pre_padding)
    _printf_pre_padding                      0x080040d5   Thumb Code    46  printfa.o(i._printf_pre_padding)
    i._updateSysTick_Interrupt               0x08004104   Section        0  board.o(i._updateSysTick_Interrupt)
    .constdata                               0x08004154   Section       34  buttom.o(.constdata)
    _ADC_MAP                                 0x08004154   Data          16  buttom.o(.constdata)
    _ADC_CHANNAL_MAP                         0x08004164   Data          18  buttom.o(.constdata)
    .data                                    0x20000000   Section       20  system_stm32f4xx.o(.data)
    .data                                    0x20000014   Section       16  stm32f4xx_rcc.o(.data)
    APBAHBPrescTable                         0x20000014   Data          16  stm32f4xx_rcc.o(.data)
    .data                                    0x20000024   Section       12  board.o(.data)
    _timeBaseStructure                       0x20000024   Data           8  board.o(.data)
    _timeTick                                0x2000002c   Data           4  board.o(.data)
    .data                                    0x20000030   Section        4  systick.o(.data)
    _timingDelay                             0x20000030   Data           4  systick.o(.data)
    .data                                    0x20000034   Section       20  motor.o(.data)
    _motorSpeed                              0x20000034   Data           8  motor.o(.data)
    _motorMode                               0x2000003c   Data           1  motor.o(.data)
    _motorUpgradeTag                         0x20000040   Data           4  motor.o(.data)
    _timeTick                                0x20000044   Data           4  motor.o(.data)
    .data                                    0x20000048   Section       24  encoder.o(.data)
    _speedValueRF                            0x20000048   Data           4  encoder.o(.data)
    _updateTimesRF                           0x2000004c   Data           1  encoder.o(.data)
    _triggerCountRF                          0x20000050   Data           4  encoder.o(.data)
    _speedValueLR                            0x20000054   Data           4  encoder.o(.data)
    _updateTimesLR                           0x20000058   Data           1  encoder.o(.data)
    _triggerCountLR                          0x2000005c   Data           4  encoder.o(.data)
    .data                                    0x20000060   Section        4  stdout.o(.data)
    .data__ZZ23_UsartReceive_InterruptE3tag  0x20000064   Section        4  serial.o(.data__ZZ23_UsartReceive_InterruptE3tag)
    .data__ZZ23_UsartReceive_InterruptE6handle 0x20000068   Section        4  serial.o(.data__ZZ23_UsartReceive_InterruptE6handle)
    .data__ZZ24_Timer2Capture_InterruptE14_timerOverFlow 0x2000006c   Section        1  encoder.o(.data__ZZ24_Timer2Capture_InterruptE14_timerOverFlow)
    .data__ZZ24_Timer5Capture_InterruptE14_timerOverFlow 0x2000006d   Section        1  encoder.o(.data__ZZ24_Timer5Capture_InterruptE14_timerOverFlow)
    .bss                                     0x20000070   Section       32  buttom.o(.bss)
    _adc                                     0x20000070   Data          32  buttom.o(.bss)
    .bss__ZZ23_UsartReceive_InterruptE6buffer 0x20000090   Section       50  serial.o(.bss__ZZ23_UsartReceive_InterruptE6buffer)
    STACK                                    0x200000c8   Section     1024  startup_stm32f40_41xxx.o(STACK)

    Global Symbols

    Symbol Name                              Value     Ov Type        Size  Object(Section)

    BuildAttributes$$THM_ISAv4$E$P$D$K$B$S$7EM$VFPi3$EXTD16$VFPS$VFMA$PE$A:L22UL41UL21$X:L11$S22US41US21$IEEE1$IW$USESV6$~STKCKD$USESV7$~SHL$OSPACE$ROPI$EBA8$MICROLIB$REQ8$PRES8$EABIv2 0x00000000   Number         0  anon$$obj.o ABSOLUTE
    __ARM_use_no_argv                        0x00000000   Number         0  main.o ABSOLUTE
    _printf_a                                0x00000000   Number         0  stubs.o ABSOLUTE
    _printf_c                                0x00000000   Number         0  stubs.o ABSOLUTE
    _printf_charcount                        0x00000000   Number         0  stubs.o ABSOLUTE
    _printf_d                                0x00000000   Number         0  stubs.o ABSOLUTE
    _printf_e                                0x00000000   Number         0  stubs.o ABSOLUTE
    _printf_f                                0x00000000   Number         0  stubs.o ABSOLUTE
    _printf_flags                            0x00000000   Number         0  stubs.o ABSOLUTE
    _printf_fp_dec                           0x00000000   Number         0  stubs.o ABSOLUTE
    _printf_fp_hex                           0x00000000   Number         0  stubs.o ABSOLUTE
    _printf_g                                0x00000000   Number         0  stubs.o ABSOLUTE
    _printf_i                                0x00000000   Number         0  stubs.o ABSOLUTE
    _printf_int_dec                          0x00000000   Number         0  stubs.o ABSOLUTE
    _printf_l                                0x00000000   Number         0  stubs.o ABSOLUTE
    _printf_lc                               0x00000000   Number         0  stubs.o ABSOLUTE
    _printf_ll                               0x00000000   Number         0  stubs.o ABSOLUTE
    _printf_lld                              0x00000000   Number         0  stubs.o ABSOLUTE
    _printf_lli                              0x00000000   Number         0  stubs.o ABSOLUTE
    _printf_llo                              0x00000000   Number         0  stubs.o ABSOLUTE
    _printf_llu                              0x00000000   Number         0  stubs.o ABSOLUTE
    _printf_llx                              0x00000000   Number         0  stubs.o ABSOLUTE
    _printf_longlong_dec                     0x00000000   Number         0  stubs.o ABSOLUTE
    _printf_longlong_hex                     0x00000000   Number         0  stubs.o ABSOLUTE
    _printf_longlong_oct                     0x00000000   Number         0  stubs.o ABSOLUTE
    _printf_ls                               0x00000000   Number         0  stubs.o ABSOLUTE
    _printf_mbtowc                           0x00000000   Number         0  stubs.o ABSOLUTE
    _printf_n                                0x00000000   Number         0  stubs.o ABSOLUTE
    _printf_o                                0x00000000   Number         0  stubs.o ABSOLUTE
    _printf_p                                0x00000000   Number         0  stubs.o ABSOLUTE
    _printf_percent                          0x00000000   Number         0  stubs.o ABSOLUTE
    _printf_pre_padding                      0x00000000   Number         0  stubs.o ABSOLUTE
    _printf_return_value                     0x00000000   Number         0  stubs.o ABSOLUTE
    _printf_s                                0x00000000   Number         0  stubs.o ABSOLUTE
    _printf_sizespec                         0x00000000   Number         0  stubs.o ABSOLUTE
    _printf_str                              0x00000000   Number         0  stubs.o ABSOLUTE
    _printf_truncate_signed                  0x00000000   Number         0  stubs.o ABSOLUTE
    _printf_truncate_unsigned                0x00000000   Number         0  stubs.o ABSOLUTE
    _printf_u                                0x00000000   Number         0  stubs.o ABSOLUTE
    _printf_wc                               0x00000000   Number         0  stubs.o ABSOLUTE
    _printf_wctomb                           0x00000000   Number         0  stubs.o ABSOLUTE
    _printf_widthprec                        0x00000000   Number         0  stubs.o ABSOLUTE
    _printf_x                                0x00000000   Number         0  stubs.o ABSOLUTE
    __cpp_initialize__aeabi_                  - Undefined Weak Reference
    __cxa_finalize                            - Undefined Weak Reference
    __decompress                              - Undefined Weak Reference
    _clock_init                               - Undefined Weak Reference
    _microlib_exit                            - Undefined Weak Reference
    __Vectors_Size                           0x00000188   Number         0  startup_stm32f40_41xxx.o ABSOLUTE
    __Vectors                                0x08000000   Data           4  startup_stm32f40_41xxx.o(RESET)
    __Vectors_End                            0x08000188   Data           0  startup_stm32f40_41xxx.o(RESET)
    __main                                   0x08000189   Thumb Code     0  entry.o(.ARM.Collect$$$$00000000)
    _main_stk                                0x08000189   Thumb Code     0  entry2.o(.ARM.Collect$$$$00000001)
    _main_scatterload                        0x0800018d   Thumb Code     0  entry5.o(.ARM.Collect$$$$00000004)
    __main_after_scatterload                 0x08000191   Thumb Code     0  entry5.o(.ARM.Collect$$$$00000004)
    _main_clock                              0x08000191   Thumb Code     0  entry7b.o(.ARM.Collect$$$$00000008)
    _main_cpp_init                           0x08000191   Thumb Code     0  entry8b.o(.ARM.Collect$$$$0000000A)
    _main_init                               0x08000191   Thumb Code     0  entry9a.o(.ARM.Collect$$$$0000000B)
    __rt_final_cpp                           0x08000199   Thumb Code     0  entry10a.o(.ARM.Collect$$$$0000000D)
    __rt_final_exit                          0x08000199   Thumb Code     0  entry11a.o(.ARM.Collect$$$$0000000F)
    SystemInit                               0x08000279   Thumb Code    88  system_stm32f4xx.o(.text)
    SystemCoreClockUpdate                    0x080002d1   Thumb Code   174  system_stm32f4xx.o(.text)
    NMI_Handler                              0x080003ad   Thumb Code     2  stm32f4xx_it.o(.text)
    HardFault_Handler                        0x080003af   Thumb Code     4  stm32f4xx_it.o(.text)
    MemManage_Handler                        0x080003b3   Thumb Code     4  stm32f4xx_it.o(.text)
    BusFault_Handler                         0x080003b7   Thumb Code     4  stm32f4xx_it.o(.text)
    UsageFault_Handler                       0x080003bb   Thumb Code     4  stm32f4xx_it.o(.text)
    SVC_Handler                              0x080003bf   Thumb Code     2  stm32f4xx_it.o(.text)
    DebugMon_Handler                         0x080003c1   Thumb Code     2  stm32f4xx_it.o(.text)
    PendSV_Handler                           0x080003c3   Thumb Code     2  stm32f4xx_it.o(.text)
    SysTick_Handler                          0x080003c5   Thumb Code    16  stm32f4xx_it.o(.text)
    USART1_IRQHandler                        0x080003d5   Thumb Code     8  stm32f4xx_it.o(.text)
    USART3_IRQHandler                        0x080003dd   Thumb Code     8  stm32f4xx_it.o(.text)
    TIM2_IRQHandler                          0x080003e5   Thumb Code     8  stm32f4xx_it.o(.text)
    TIM5_IRQHandler                          0x080003ed   Thumb Code     8  stm32f4xx_it.o(.text)
    MotorForward_Test                        0x080003f5   Thumb Code    40  main.o(.text)
    main                                     0x0800041d   Thumb Code    46  main.o(.text)
    Motor_EncoderFeedback_Test               0x0800044b   Thumb Code   416  main.o(.text)
    ADC_Test                                 0x080005eb   Thumb Code    64  main.o(.text)
    TIM_DeInit                               0x08000691   Thumb Code   346  stm32f4xx_tim.o(.text)
    TIM_TimeBaseInit                         0x080007eb   Thumb Code   104  stm32f4xx_tim.o(.text)
    TIM_TimeBaseStructInit                   0x08000853   Thumb Code    18  stm32f4xx_tim.o(.text)
    TIM_PrescalerConfig                      0x08000865   Thumb Code     6  stm32f4xx_tim.o(.text)
    TIM_CounterModeConfig                    0x0800086b   Thumb Code    18  stm32f4xx_tim.o(.text)
    TIM_SetCounter                           0x0800087d   Thumb Code     4  stm32f4xx_tim.o(.text)
    TIM_SetAutoreload                        0x08000881   Thumb Code     4  stm32f4xx_tim.o(.text)
    TIM_GetCounter                           0x08000885   Thumb Code     6  stm32f4xx_tim.o(.text)
    TIM_GetPrescaler                         0x0800088b   Thumb Code     6  stm32f4xx_tim.o(.text)
    TIM_UpdateDisableConfig                  0x08000891   Thumb Code    24  stm32f4xx_tim.o(.text)
    TIM_UpdateRequestConfig                  0x080008a9   Thumb Code    24  stm32f4xx_tim.o(.text)
    TIM_ARRPreloadConfig                     0x080008c1   Thumb Code    24  stm32f4xx_tim.o(.text)
    TIM_SelectOnePulseMode                   0x080008d9   Thumb Code    18  stm32f4xx_tim.o(.text)
    TIM_SetClockDivision                     0x080008eb   Thumb Code    18  stm32f4xx_tim.o(.text)
    TIM_Cmd                                  0x080008fd   Thumb Code    24  stm32f4xx_tim.o(.text)
    TIM_OC1Init                              0x08000915   Thumb Code   114  stm32f4xx_tim.o(.text)
    TIM_OC2Init                              0x08000987   Thumb Code   154  stm32f4xx_tim.o(.text)
    TIM_OC3Init                              0x08000a21   Thumb Code   204  stm32f4xx_tim.o(.text)
    TIM_OC4Init                              0x08000aed   Thumb Code   112  stm32f4xx_tim.o(.text)
    TIM_OCStructInit                         0x08000b5d   Thumb Code    20  stm32f4xx_tim.o(.text)
    TIM_SelectOCxM                           0x08000b71   Thumb Code    86  stm32f4xx_tim.o(.text)
    TIM_SetCompare1                          0x08000bc7   Thumb Code     4  stm32f4xx_tim.o(.text)
    TIM_SetCompare2                          0x08000bcb   Thumb Code     4  stm32f4xx_tim.o(.text)
    TIM_SetCompare3                          0x08000bcf   Thumb Code     4  stm32f4xx_tim.o(.text)
    TIM_SetCompare4                          0x08000bd3   Thumb Code     4  stm32f4xx_tim.o(.text)
    TIM_ForcedOC1Config                      0x08000bd7   Thumb Code    18  stm32f4xx_tim.o(.text)
    TIM_ForcedOC2Config                      0x08000be9   Thumb Code    26  stm32f4xx_tim.o(.text)
    TIM_ForcedOC3Config                      0x08000c03   Thumb Code    18  stm32f4xx_tim.o(.text)
    TIM_ForcedOC4Config                      0x08000c15   Thumb Code    26  stm32f4xx_tim.o(.text)
    TIM_OC1PreloadConfig                     0x08000c2f   Thumb Code    18  stm32f4xx_tim.o(.text)
    TIM_OC2PreloadConfig                     0x08000c41   Thumb Code    26  stm32f4xx_tim.o(.text)
    TIM_OC3PreloadConfig                     0x08000c5b   Thumb Code    18  stm32f4xx_tim.o(.text)
    TIM_OC4PreloadConfig                     0x08000c6d   Thumb Code    26  stm32f4xx_tim.o(.text)
    TIM_OC1FastConfig                        0x08000c87   Thumb Code    18  stm32f4xx_tim.o(.text)
    TIM_OC2FastConfig                        0x08000c99   Thumb Code    26  stm32f4xx_tim.o(.text)
    TIM_OC3FastConfig                        0x08000cb3   Thumb Code    18  stm32f4xx_tim.o(.text)
    TIM_OC4FastConfig                        0x08000cc5   Thumb Code    26  stm32f4xx_tim.o(.text)
    TIM_ClearOC1Ref                          0x08000cdf   Thumb Code    18  stm32f4xx_tim.o(.text)
    TIM_ClearOC2Ref                          0x08000cf1   Thumb Code    24  stm32f4xx_tim.o(.text)
    TIM_ClearOC3Ref                          0x08000d09   Thumb Code    18  stm32f4xx_tim.o(.text)
    TIM_ClearOC4Ref                          0x08000d1b   Thumb Code    24  stm32f4xx_tim.o(.text)
    TIM_OC1PolarityConfig                    0x08000d33   Thumb Code    18  stm32f4xx_tim.o(.text)
    TIM_OC1NPolarityConfig                   0x08000d45   Thumb Code    18  stm32f4xx_tim.o(.text)
    TIM_OC2PolarityConfig                    0x08000d57   Thumb Code    26  stm32f4xx_tim.o(.text)
    TIM_OC2NPolarityConfig                   0x08000d71   Thumb Code    26  stm32f4xx_tim.o(.text)
    TIM_OC3PolarityConfig                    0x08000d8b   Thumb Code    26  stm32f4xx_tim.o(.text)
    TIM_OC3NPolarityConfig                   0x08000da5   Thumb Code    26  stm32f4xx_tim.o(.text)
    TIM_OC4PolarityConfig                    0x08000dbf   Thumb Code    26  stm32f4xx_tim.o(.text)
    TIM_CCxCmd                               0x08000dd9   Thumb Code    30  stm32f4xx_tim.o(.text)
    TIM_CCxNCmd                              0x08000df7   Thumb Code    30  stm32f4xx_tim.o(.text)
    TIM_SetIC4Prescaler                      0x08000e15   Thumb Code    26  stm32f4xx_tim.o(.text)
    TIM_SetIC3Prescaler                      0x08000e7f   Thumb Code    18  stm32f4xx_tim.o(.text)
    TIM_SetIC2Prescaler                      0x08000ed9   Thumb Code    26  stm32f4xx_tim.o(.text)
    TIM_SetIC1Prescaler                      0x08000f4d   Thumb Code    18  stm32f4xx_tim.o(.text)
    TIM_ICInit                               0x08000f99   Thumb Code   110  stm32f4xx_tim.o(.text)
    TIM_ICStructInit                         0x08001007   Thumb Code    18  stm32f4xx_tim.o(.text)
    TIM_PWMIConfig                           0x08001019   Thumb Code   124  stm32f4xx_tim.o(.text)
    TIM_GetCapture1                          0x08001095   Thumb Code     6  stm32f4xx_tim.o(.text)
    TIM_GetCapture2                          0x0800109b   Thumb Code     6  stm32f4xx_tim.o(.text)
    TIM_GetCapture3                          0x080010a1   Thumb Code     6  stm32f4xx_tim.o(.text)
    TIM_GetCapture4                          0x080010a7   Thumb Code     6  stm32f4xx_tim.o(.text)
    TIM_BDTRConfig                           0x080010ad   Thumb Code    32  stm32f4xx_tim.o(.text)
    TIM_BDTRStructInit                       0x080010cd   Thumb Code    18  stm32f4xx_tim.o(.text)
    TIM_CtrlPWMOutputs                       0x080010df   Thumb Code    30  stm32f4xx_tim.o(.text)
    TIM_SelectCOM                            0x080010fd   Thumb Code    24  stm32f4xx_tim.o(.text)
    TIM_CCPreloadControl                     0x08001115   Thumb Code    24  stm32f4xx_tim.o(.text)
    TIM_ITConfig                             0x0800112d   Thumb Code    18  stm32f4xx_tim.o(.text)
    TIM_GenerateEvent                        0x0800113f   Thumb Code     4  stm32f4xx_tim.o(.text)
    TIM_GetFlagStatus                        0x08001143   Thumb Code    18  stm32f4xx_tim.o(.text)
    TIM_ClearFlag                            0x08001155   Thumb Code     6  stm32f4xx_tim.o(.text)
    TIM_GetITStatus                          0x0800115b   Thumb Code    34  stm32f4xx_tim.o(.text)
    TIM_ClearITPendingBit                    0x0800117d   Thumb Code     6  stm32f4xx_tim.o(.text)
    TIM_DMAConfig                            0x08001183   Thumb Code    10  stm32f4xx_tim.o(.text)
    TIM_DMACmd                               0x0800118d   Thumb Code    18  stm32f4xx_tim.o(.text)
    TIM_SelectCCDMA                          0x0800119f   Thumb Code    24  stm32f4xx_tim.o(.text)
    TIM_InternalClockConfig                  0x080011b7   Thumb Code    12  stm32f4xx_tim.o(.text)
    TIM_SelectInputTrigger                   0x080011c3   Thumb Code    18  stm32f4xx_tim.o(.text)
    TIM_ITRxExternalClockConfig              0x080011d5   Thumb Code    24  stm32f4xx_tim.o(.text)
    TIM_TIxExternalClockConfig               0x080011ed   Thumb Code    62  stm32f4xx_tim.o(.text)
    TIM_ETRConfig                            0x0800122b   Thumb Code    28  stm32f4xx_tim.o(.text)
    TIM_ETRClockMode1Config                  0x08001247   Thumb Code    54  stm32f4xx_tim.o(.text)
    TIM_ETRClockMode2Config                  0x0800127d   Thumb Code    32  stm32f4xx_tim.o(.text)
    TIM_SelectOutputTrigger                  0x0800129d   Thumb Code    18  stm32f4xx_tim.o(.text)
    TIM_SelectSlaveMode                      0x080012af   Thumb Code    18  stm32f4xx_tim.o(.text)
    TIM_SelectMasterSlaveMode                0x080012c1   Thumb Code    18  stm32f4xx_tim.o(.text)
    TIM_EncoderInterfaceConfig               0x080012d3   Thumb Code    66  stm32f4xx_tim.o(.text)
    TIM_SelectHallSensor                     0x08001315   Thumb Code    24  stm32f4xx_tim.o(.text)
    TIM_RemapConfig                          0x0800132d   Thumb Code     6  stm32f4xx_tim.o(.text)
    ADC_DeInit                               0x08001335   Thumb Code    22  stm32f4xx_adc.o(.text)
    ADC_Init                                 0x0800134b   Thumb Code    74  stm32f4xx_adc.o(.text)
    ADC_StructInit                           0x08001395   Thumb Code    20  stm32f4xx_adc.o(.text)
    ADC_CommonInit                           0x080013a9   Thumb Code    34  stm32f4xx_adc.o(.text)
    ADC_CommonStructInit                     0x080013cb   Thumb Code    12  stm32f4xx_adc.o(.text)
    ADC_Cmd                                  0x080013d7   Thumb Code    22  stm32f4xx_adc.o(.text)
    ADC_AnalogWatchdogCmd                    0x080013ed   Thumb Code    16  stm32f4xx_adc.o(.text)
    ADC_AnalogWatchdogThresholdsConfig       0x080013fd   Thumb Code     6  stm32f4xx_adc.o(.text)
    ADC_AnalogWatchdogSingleChannelConfig    0x08001403   Thumb Code    16  stm32f4xx_adc.o(.text)
    ADC_TempSensorVrefintCmd                 0x08001413   Thumb Code    34  stm32f4xx_adc.o(.text)
    ADC_VBATCmd                              0x08001435   Thumb Code    34  stm32f4xx_adc.o(.text)
    ADC_RegularChannelConfig                 0x08001457   Thumb Code   184  stm32f4xx_adc.o(.text)
    ADC_SoftwareStartConv                    0x0800150f   Thumb Code    10  stm32f4xx_adc.o(.text)
    ADC_GetSoftwareStartConvStatus           0x08001519   Thumb Code    20  stm32f4xx_adc.o(.text)
    ADC_EOCOnEachRegularChannelCmd           0x0800152d   Thumb Code    22  stm32f4xx_adc.o(.text)
    ADC_ContinuousModeCmd                    0x08001543   Thumb Code    22  stm32f4xx_adc.o(.text)
    ADC_DiscModeChannelCountConfig           0x08001559   Thumb Code    24  stm32f4xx_adc.o(.text)
    ADC_DiscModeCmd                          0x08001571   Thumb Code    22  stm32f4xx_adc.o(.text)
    ADC_GetConversionValue                   0x08001587   Thumb Code     8  stm32f4xx_adc.o(.text)
    ADC_GetMultiModeConversionValue          0x0800158f   Thumb Code     8  stm32f4xx_adc.o(.text)
    ADC_DMACmd                               0x08001597   Thumb Code    22  stm32f4xx_adc.o(.text)
    ADC_DMARequestAfterLastTransferCmd       0x080015ad   Thumb Code    22  stm32f4xx_adc.o(.text)
    ADC_MultiModeDMARequestAfterLastTransferCmd 0x080015c3   Thumb Code    34  stm32f4xx_adc.o(.text)
    ADC_InjectedChannelConfig                0x080015e5   Thumb Code   130  stm32f4xx_adc.o(.text)
    ADC_InjectedSequencerLengthConfig        0x08001667   Thumb Code    24  stm32f4xx_adc.o(.text)
    ADC_SetInjectedOffset                    0x0800167f   Thumb Code    20  stm32f4xx_adc.o(.text)
    ADC_ExternalTrigInjectedConvConfig       0x08001693   Thumb Code    16  stm32f4xx_adc.o(.text)
    ADC_ExternalTrigInjectedConvEdgeConfig   0x080016a3   Thumb Code    16  stm32f4xx_adc.o(.text)
    ADC_SoftwareStartInjectedConv            0x080016b3   Thumb Code    10  stm32f4xx_adc.o(.text)
    ADC_GetSoftwareStartInjectedConvCmdStatus 0x080016bd   Thumb Code    20  stm32f4xx_adc.o(.text)
    ADC_AutoInjectedConvCmd                  0x080016d1   Thumb Code    22  stm32f4xx_adc.o(.text)
    ADC_InjectedDiscModeCmd                  0x080016e7   Thumb Code    22  stm32f4xx_adc.o(.text)
    ADC_GetInjectedConversionValue           0x080016fd   Thumb Code    28  stm32f4xx_adc.o(.text)
    ADC_ITConfig                             0x08001719   Thumb Code    56  stm32f4xx_adc.o(.text)
    ADC_GetFlagStatus                        0x08001751   Thumb Code    18  stm32f4xx_adc.o(.text)
    ADC_ClearFlag                            0x08001763   Thumb Code     6  stm32f4xx_adc.o(.text)
    ADC_GetITStatus                          0x08001769   Thumb Code    38  stm32f4xx_adc.o(.text)
    ADC_ClearITPendingBit                    0x0800178f   Thumb Code    10  stm32f4xx_adc.o(.text)
    USART_DeInit                             0x08001799   Thumb Code   206  stm32f4xx_usart.o(.text)
    USART_Init                               0x08001867   Thumb Code   204  stm32f4xx_usart.o(.text)
    USART_StructInit                         0x08001933   Thumb Code    24  stm32f4xx_usart.o(.text)
    USART_ClockInit                          0x0800194b   Thumb Code    32  stm32f4xx_usart.o(.text)
    USART_ClockStructInit                    0x0800196b   Thumb Code    12  stm32f4xx_usart.o(.text)
    USART_Cmd                                0x08001977   Thumb Code    24  stm32f4xx_usart.o(.text)
    USART_SetPrescaler                       0x0800198f   Thumb Code    16  stm32f4xx_usart.o(.text)
    USART_OverSampling8Cmd                   0x0800199f   Thumb Code    22  stm32f4xx_usart.o(.text)
    USART_OneBitMethodCmd                    0x080019b5   Thumb Code    24  stm32f4xx_usart.o(.text)
    USART_SendData                           0x080019cd   Thumb Code     8  stm32f4xx_usart.o(.text)
    USART_ReceiveData                        0x080019d5   Thumb Code    10  stm32f4xx_usart.o(.text)
    USART_SetAddress                         0x080019df   Thumb Code    18  stm32f4xx_usart.o(.text)
    USART_ReceiverWakeUpCmd                  0x080019f1   Thumb Code    24  stm32f4xx_usart.o(.text)
    USART_WakeUpConfig                       0x08001a09   Thumb Code    18  stm32f4xx_usart.o(.text)
    USART_LINBreakDetectLengthConfig         0x08001a1b   Thumb Code    18  stm32f4xx_usart.o(.text)
    USART_LINCmd                             0x08001a2d   Thumb Code    24  stm32f4xx_usart.o(.text)
    USART_SendBreak                          0x08001a45   Thumb Code    10  stm32f4xx_usart.o(.text)
    USART_HalfDuplexCmd                      0x08001a4f   Thumb Code    24  stm32f4xx_usart.o(.text)
    USART_SetGuardTime                       0x08001a67   Thumb Code    16  stm32f4xx_usart.o(.text)
    USART_SmartCardCmd                       0x08001a77   Thumb Code    24  stm32f4xx_usart.o(.text)
    USART_SmartCardNACKCmd                   0x08001a8f   Thumb Code    24  stm32f4xx_usart.o(.text)
    USART_IrDAConfig                         0x08001aa7   Thumb Code    18  stm32f4xx_usart.o(.text)
    USART_IrDACmd                            0x08001ab9   Thumb Code    24  stm32f4xx_usart.o(.text)
    USART_DMACmd                             0x08001ad1   Thumb Code    18  stm32f4xx_usart.o(.text)
    USART_ITConfig                           0x08001ae3   Thumb Code    74  stm32f4xx_usart.o(.text)
    USART_GetFlagStatus                      0x08001b2d   Thumb Code    26  stm32f4xx_usart.o(.text)
    USART_ClearFlag                          0x08001b47   Thumb Code    18  stm32f4xx_usart.o(.text)
    USART_GetITStatus                        0x08001b59   Thumb Code   118  stm32f4xx_usart.o(.text)
    USART_ClearITPendingBit                  0x08001bcf   Thumb Code    30  stm32f4xx_usart.o(.text)
    NVIC_PriorityGroupConfig                 0x08001bed   Thumb Code    10  misc.o(.text)
    NVIC_Init                                0x08001bf7   Thumb Code   106  misc.o(.text)
    NVIC_SetVectorTable                      0x08001c61   Thumb Code    14  misc.o(.text)
    NVIC_SystemLPConfig                      0x08001c6f   Thumb Code    34  misc.o(.text)
    SysTick_CLKSourceConfig                  0x08001c91   Thumb Code    40  misc.o(.text)
    RCC_DeInit                               0x08001ccd   Thumb Code    82  stm32f4xx_rcc.o(.text)
    RCC_HSEConfig                            0x08001d1f   Thumb Code    14  stm32f4xx_rcc.o(.text)
    RCC_GetFlagStatus                        0x08001d2d   Thumb Code    60  stm32f4xx_rcc.o(.text)
    RCC_WaitForHSEStartUp                    0x08001d69   Thumb Code    56  stm32f4xx_rcc.o(.text)
    RCC_AdjustHSICalibrationValue            0x08001da1   Thumb Code    20  stm32f4xx_rcc.o(.text)
    RCC_HSICmd                               0x08001db5   Thumb Code     6  stm32f4xx_rcc.o(.text)
    RCC_LSEConfig                            0x08001dbb   Thumb Code    46  stm32f4xx_rcc.o(.text)
    RCC_LSICmd                               0x08001de9   Thumb Code     6  stm32f4xx_rcc.o(.text)
    RCC_PLLConfig                            0x08001def   Thumb Code    32  stm32f4xx_rcc.o(.text)
    RCC_PLLCmd                               0x08001e0f   Thumb Code     6  stm32f4xx_rcc.o(.text)
    RCC_PLLI2SConfig                         0x08001e15   Thumb Code    14  stm32f4xx_rcc.o(.text)
    RCC_PLLI2SCmd                            0x08001e23   Thumb Code     6  stm32f4xx_rcc.o(.text)
    RCC_PLLSAIConfig                         0x08001e29   Thumb Code    20  stm32f4xx_rcc.o(.text)
    RCC_PLLSAICmd                            0x08001e3d   Thumb Code     6  stm32f4xx_rcc.o(.text)
    RCC_ClockSecuritySystemCmd               0x08001e43   Thumb Code     6  stm32f4xx_rcc.o(.text)
    RCC_MCO1Config                           0x08001e49   Thumb Code    28  stm32f4xx_rcc.o(.text)
    RCC_MCO2Config                           0x08001e65   Thumb Code    28  stm32f4xx_rcc.o(.text)
    RCC_SYSCLKConfig                         0x08001e81   Thumb Code    20  stm32f4xx_rcc.o(.text)
    RCC_GetSYSCLKSource                      0x08001e95   Thumb Code    12  stm32f4xx_rcc.o(.text)
    RCC_HCLKConfig                           0x08001ea1   Thumb Code    20  stm32f4xx_rcc.o(.text)
    RCC_PCLK1Config                          0x08001eb5   Thumb Code    20  stm32f4xx_rcc.o(.text)
    RCC_PCLK2Config                          0x08001ec9   Thumb Code    22  stm32f4xx_rcc.o(.text)
    RCC_GetClocksFreq                        0x08001edf   Thumb Code   222  stm32f4xx_rcc.o(.text)
    RCC_RTCCLKConfig                         0x08001fbd   Thumb Code    54  stm32f4xx_rcc.o(.text)
    RCC_RTCCLKCmd                            0x08001ff3   Thumb Code     8  stm32f4xx_rcc.o(.text)
    RCC_BackupResetCmd                       0x08001ffb   Thumb Code     8  stm32f4xx_rcc.o(.text)
    RCC_I2SCLKConfig                         0x08002003   Thumb Code     6  stm32f4xx_rcc.o(.text)
    RCC_SAIBlockACLKConfig                   0x08002009   Thumb Code    20  stm32f4xx_rcc.o(.text)
    RCC_SAIBlockBCLKConfig                   0x0800201d   Thumb Code    20  stm32f4xx_rcc.o(.text)
    RCC_SAIPLLI2SClkDivConfig                0x08002031   Thumb Code    26  stm32f4xx_rcc.o(.text)
    RCC_SAIPLLSAIClkDivConfig                0x0800204b   Thumb Code    28  stm32f4xx_rcc.o(.text)
    RCC_LTDCCLKDivConfig                     0x08002067   Thumb Code    20  stm32f4xx_rcc.o(.text)
    RCC_TIMCLKPresConfig                     0x0800207b   Thumb Code     6  stm32f4xx_rcc.o(.text)
    RCC_AHB1PeriphClockCmd                   0x08002081   Thumb Code    34  stm32f4xx_rcc.o(.text)
    RCC_AHB2PeriphClockCmd                   0x080020a3   Thumb Code    78  stm32f4xx_rcc.o(.text)
    RCC_AHB3PeriphClockCmd                   0x080020f1   Thumb Code    34  stm32f4xx_rcc.o(.text)
    RCC_APB1PeriphClockCmd                   0x08002113   Thumb Code    34  stm32f4xx_rcc.o(.text)
    RCC_APB2PeriphClockCmd                   0x08002135   Thumb Code    34  stm32f4xx_rcc.o(.text)
    RCC_AHB1PeriphResetCmd                   0x08002157   Thumb Code    34  stm32f4xx_rcc.o(.text)
    RCC_AHB2PeriphResetCmd                   0x08002179   Thumb Code    34  stm32f4xx_rcc.o(.text)
    RCC_AHB3PeriphResetCmd                   0x0800219b   Thumb Code    34  stm32f4xx_rcc.o(.text)
    RCC_APB1PeriphResetCmd                   0x080021bd   Thumb Code    34  stm32f4xx_rcc.o(.text)
    RCC_APB2PeriphResetCmd                   0x080021df   Thumb Code    34  stm32f4xx_rcc.o(.text)
    RCC_AHB1PeriphClockLPModeCmd             0x08002201   Thumb Code    34  stm32f4xx_rcc.o(.text)
    RCC_AHB2PeriphClockLPModeCmd             0x08002223   Thumb Code    34  stm32f4xx_rcc.o(.text)
    RCC_AHB3PeriphClockLPModeCmd             0x08002245   Thumb Code    34  stm32f4xx_rcc.o(.text)
    RCC_APB1PeriphClockLPModeCmd             0x08002267   Thumb Code    34  stm32f4xx_rcc.o(.text)
    RCC_APB2PeriphClockLPModeCmd             0x08002289   Thumb Code    34  stm32f4xx_rcc.o(.text)
    RCC_LSEModeConfig                        0x080022ab   Thumb Code    40  stm32f4xx_rcc.o(.text)
    RCC_ITConfig                             0x080022d3   Thumb Code    34  stm32f4xx_rcc.o(.text)
    RCC_ClearFlag                            0x080022f5   Thumb Code    18  stm32f4xx_rcc.o(.text)
    RCC_GetITStatus                          0x08002307   Thumb Code    22  stm32f4xx_rcc.o(.text)
    RCC_ClearITPendingBit                    0x0800231d   Thumb Code     8  stm32f4xx_rcc.o(.text)
    GPIO_DeInit                              0x08002329   Thumb Code   268  stm32f4xx_gpio.o(.text)
    GPIO_Init                                0x08002435   Thumb Code   144  stm32f4xx_gpio.o(.text)
    GPIO_StructInit                          0x080024c5   Thumb Code    18  stm32f4xx_gpio.o(.text)
    GPIO_PinLockConfig                       0x080024d7   Thumb Code    34  stm32f4xx_gpio.o(.text)
    GPIO_ReadInputDataBit                    0x080024f9   Thumb Code    18  stm32f4xx_gpio.o(.text)
    GPIO_ReadInputData                       0x0800250b   Thumb Code     8  stm32f4xx_gpio.o(.text)
    GPIO_ReadOutputDataBit                   0x08002513   Thumb Code    18  stm32f4xx_gpio.o(.text)
    GPIO_ReadOutputData                      0x08002525   Thumb Code     8  stm32f4xx_gpio.o(.text)
    GPIO_SetBits                             0x0800252d   Thumb Code     4  stm32f4xx_gpio.o(.text)
    GPIO_ResetBits                           0x08002531   Thumb Code     4  stm32f4xx_gpio.o(.text)
    GPIO_WriteBit                            0x08002535   Thumb Code    10  stm32f4xx_gpio.o(.text)
    GPIO_Write                               0x0800253f   Thumb Code     4  stm32f4xx_gpio.o(.text)
    GPIO_ToggleBits                          0x08002543   Thumb Code     8  stm32f4xx_gpio.o(.text)
    GPIO_PinAFConfig                         0x0800254b   Thumb Code    70  stm32f4xx_gpio.o(.text)
    Reset_Handler                            0x080025bd   Thumb Code     8  startup_stm32f40_41xxx.o(.text)
    ADC_IRQHandler                           0x080025d7   Thumb Code     0  startup_stm32f40_41xxx.o(.text)
    CAN1_RX0_IRQHandler                      0x080025d7   Thumb Code     0  startup_stm32f40_41xxx.o(.text)
    CAN1_RX1_IRQHandler                      0x080025d7   Thumb Code     0  startup_stm32f40_41xxx.o(.text)
    CAN1_SCE_IRQHandler                      0x080025d7   Thumb Code     0  startup_stm32f40_41xxx.o(.text)
    CAN1_TX_IRQHandler                       0x080025d7   Thumb Code     0  startup_stm32f40_41xxx.o(.text)
    CAN2_RX0_IRQHandler                      0x080025d7   Thumb Code     0  startup_stm32f40_41xxx.o(.text)
    CAN2_RX1_IRQHandler                      0x080025d7   Thumb Code     0  startup_stm32f40_41xxx.o(.text)
    CAN2_SCE_IRQHandler                      0x080025d7   Thumb Code     0  startup_stm32f40_41xxx.o(.text)
    CAN2_TX_IRQHandler                       0x080025d7   Thumb Code     0  startup_stm32f40_41xxx.o(.text)
    CRYP_IRQHandler                          0x080025d7   Thumb Code     0  startup_stm32f40_41xxx.o(.text)
    DCMI_IRQHandler                          0x080025d7   Thumb Code     0  startup_stm32f40_41xxx.o(.text)
    DMA1_Stream0_IRQHandler                  0x080025d7   Thumb Code     0  startup_stm32f40_41xxx.o(.text)
    DMA1_Stream1_IRQHandler                  0x080025d7   Thumb Code     0  startup_stm32f40_41xxx.o(.text)
    DMA1_Stream2_IRQHandler                  0x080025d7   Thumb Code     0  startup_stm32f40_41xxx.o(.text)
    DMA1_Stream3_IRQHandler                  0x080025d7   Thumb Code     0  startup_stm32f40_41xxx.o(.text)
    DMA1_Stream4_IRQHandler                  0x080025d7   Thumb Code     0  startup_stm32f40_41xxx.o(.text)
    DMA1_Stream5_IRQHandler                  0x080025d7   Thumb Code     0  startup_stm32f40_41xxx.o(.text)
    DMA1_Stream6_IRQHandler                  0x080025d7   Thumb Code     0  startup_stm32f40_41xxx.o(.text)
    DMA1_Stream7_IRQHandler                  0x080025d7   Thumb Code     0  startup_stm32f40_41xxx.o(.text)
    DMA2_Stream0_IRQHandler                  0x080025d7   Thumb Code     0  startup_stm32f40_41xxx.o(.text)
    DMA2_Stream1_IRQHandler                  0x080025d7   Thumb Code     0  startup_stm32f40_41xxx.o(.text)
    DMA2_Stream2_IRQHandler                  0x080025d7   Thumb Code     0  startup_stm32f40_41xxx.o(.text)
    DMA2_Stream3_IRQHandler                  0x080025d7   Thumb Code     0  startup_stm32f40_41xxx.o(.text)
    DMA2_Stream4_IRQHandler                  0x080025d7   Thumb Code     0  startup_stm32f40_41xxx.o(.text)
    DMA2_Stream5_IRQHandler                  0x080025d7   Thumb Code     0  startup_stm32f40_41xxx.o(.text)
    DMA2_Stream6_IRQHandler                  0x080025d7   Thumb Code     0  startup_stm32f40_41xxx.o(.text)
    DMA2_Stream7_IRQHandler                  0x080025d7   Thumb Code     0  startup_stm32f40_41xxx.o(.text)
    ETH_IRQHandler                           0x080025d7   Thumb Code     0  startup_stm32f40_41xxx.o(.text)
    ETH_WKUP_IRQHandler                      0x080025d7   Thumb Code     0  startup_stm32f40_41xxx.o(.text)
    EXTI0_IRQHandler                         0x080025d7   Thumb Code     0  startup_stm32f40_41xxx.o(.text)
    EXTI15_10_IRQHandler                     0x080025d7   Thumb Code     0  startup_stm32f40_41xxx.o(.text)
    EXTI1_IRQHandler                         0x080025d7   Thumb Code     0  startup_stm32f40_41xxx.o(.text)
    EXTI2_IRQHandler                         0x080025d7   Thumb Code     0  startup_stm32f40_41xxx.o(.text)
    EXTI3_IRQHandler                         0x080025d7   Thumb Code     0  startup_stm32f40_41xxx.o(.text)
    EXTI4_IRQHandler                         0x080025d7   Thumb Code     0  startup_stm32f40_41xxx.o(.text)
    EXTI9_5_IRQHandler                       0x080025d7   Thumb Code     0  startup_stm32f40_41xxx.o(.text)
    FLASH_IRQHandler                         0x080025d7   Thumb Code     0  startup_stm32f40_41xxx.o(.text)
    FPU_IRQHandler                           0x080025d7   Thumb Code     0  startup_stm32f40_41xxx.o(.text)
    FSMC_IRQHandler                          0x080025d7   Thumb Code     0  startup_stm32f40_41xxx.o(.text)
    HASH_RNG_IRQHandler                      0x080025d7   Thumb Code     0  startup_stm32f40_41xxx.o(.text)
    I2C1_ER_IRQHandler                       0x080025d7   Thumb Code     0  startup_stm32f40_41xxx.o(.text)
    I2C1_EV_IRQHandler                       0x080025d7   Thumb Code     0  startup_stm32f40_41xxx.o(.text)
    I2C2_ER_IRQHandler                       0x080025d7   Thumb Code     0  startup_stm32f40_41xxx.o(.text)
    I2C2_EV_IRQHandler                       0x080025d7   Thumb Code     0  startup_stm32f40_41xxx.o(.text)
    I2C3_ER_IRQHandler                       0x080025d7   Thumb Code     0  startup_stm32f40_41xxx.o(.text)
    I2C3_EV_IRQHandler                       0x080025d7   Thumb Code     0  startup_stm32f40_41xxx.o(.text)
    OTG_FS_IRQHandler                        0x080025d7   Thumb Code     0  startup_stm32f40_41xxx.o(.text)
    OTG_FS_WKUP_IRQHandler                   0x080025d7   Thumb Code     0  startup_stm32f40_41xxx.o(.text)
    OTG_HS_EP1_IN_IRQHandler                 0x080025d7   Thumb Code     0  startup_stm32f40_41xxx.o(.text)
    OTG_HS_EP1_OUT_IRQHandler                0x080025d7   Thumb Code     0  startup_stm32f40_41xxx.o(.text)
    OTG_HS_IRQHandler                        0x080025d7   Thumb Code     0  startup_stm32f40_41xxx.o(.text)
    OTG_HS_WKUP_IRQHandler                   0x080025d7   Thumb Code     0  startup_stm32f40_41xxx.o(.text)
    PVD_IRQHandler                           0x080025d7   Thumb Code     0  startup_stm32f40_41xxx.o(.text)
    RCC_IRQHandler                           0x080025d7   Thumb Code     0  startup_stm32f40_41xxx.o(.text)
    RTC_Alarm_IRQHandler                     0x080025d7   Thumb Code     0  startup_stm32f40_41xxx.o(.text)
    RTC_WKUP_IRQHandler                      0x080025d7   Thumb Code     0  startup_stm32f40_41xxx.o(.text)
    SDIO_IRQHandler                          0x080025d7   Thumb Code     0  startup_stm32f40_41xxx.o(.text)
    SPI1_IRQHandler                          0x080025d7   Thumb Code     0  startup_stm32f40_41xxx.o(.text)
    SPI2_IRQHandler                          0x080025d7   Thumb Code     0  startup_stm32f40_41xxx.o(.text)
    SPI3_IRQHandler                          0x080025d7   Thumb Code     0  startup_stm32f40_41xxx.o(.text)
    TAMP_STAMP_IRQHandler                    0x080025d7   Thumb Code     0  startup_stm32f40_41xxx.o(.text)
    TIM1_BRK_TIM9_IRQHandler                 0x080025d7   Thumb Code     0  startup_stm32f40_41xxx.o(.text)
    TIM1_CC_IRQHandler                       0x080025d7   Thumb Code     0  startup_stm32f40_41xxx.o(.text)
    TIM1_TRG_COM_TIM11_IRQHandler            0x080025d7   Thumb Code     0  startup_stm32f40_41xxx.o(.text)
    TIM1_UP_TIM10_IRQHandler                 0x080025d7   Thumb Code     0  startup_stm32f40_41xxx.o(.text)
    TIM3_IRQHandler                          0x080025d7   Thumb Code     0  startup_stm32f40_41xxx.o(.text)
    TIM4_IRQHandler                          0x080025d7   Thumb Code     0  startup_stm32f40_41xxx.o(.text)
    TIM6_DAC_IRQHandler                      0x080025d7   Thumb Code     0  startup_stm32f40_41xxx.o(.text)
    TIM7_IRQHandler                          0x080025d7   Thumb Code     0  startup_stm32f40_41xxx.o(.text)
    TIM8_BRK_TIM12_IRQHandler                0x080025d7   Thumb Code     0  startup_stm32f40_41xxx.o(.text)
    TIM8_CC_IRQHandler                       0x080025d7   Thumb Code     0  startup_stm32f40_41xxx.o(.text)
    TIM8_TRG_COM_TIM14_IRQHandler            0x080025d7   Thumb Code     0  startup_stm32f40_41xxx.o(.text)
    TIM8_UP_TIM13_IRQHandler                 0x080025d7   Thumb Code     0  startup_stm32f40_41xxx.o(.text)
    UART4_IRQHandler                         0x080025d7   Thumb Code     0  startup_stm32f40_41xxx.o(.text)
    UART5_IRQHandler                         0x080025d7   Thumb Code     0  startup_stm32f40_41xxx.o(.text)
    USART2_IRQHandler                        0x080025d7   Thumb Code     0  startup_stm32f40_41xxx.o(.text)
    USART6_IRQHandler                        0x080025d7   Thumb Code     0  startup_stm32f40_41xxx.o(.text)
    WWDG_IRQHandler                          0x080025d7   Thumb Code     0  startup_stm32f40_41xxx.o(.text)
    SetIndicatorTimeBase                     0x080025e1   Thumb Code     8  board.o(.text)
    STMMiniBoardInit                         0x080025e9   Thumb Code    62  board.o(.text)
    SerialInit                               0x08002631   Thumb Code   174  serial.o(.text)
    SerialSend                               0x080026df   Thumb Code    42  serial.o(.text)
    _BufferIntegrate_Callback                0x08002709   Thumb Code    14  serial.o(.text)
    fputc                                    0x08002717   Thumb Code    32  serial.o(.text)
    SysTickInit                              0x08002761   Thumb Code    66  systick.o(.text)
    SysTickDelay                             0x080027a3   Thumb Code    16  systick.o(.text)
    UpdateMotorState                         0x080027c5   Thumb Code   102  motor.o(.text)
    MotorInit                                0x0800282b   Thumb Code   228  motor.o(.text)
    SetMotorPulse                            0x0800290f   Thumb Code    72  motor.o(.text)
    SetMotorDutyRatio                        0x08002957   Thumb Code   164  motor.o(.text)
    UpgradeMotorState                        0x080029fb   Thumb Code    98  motor.o(.text)
    SetMotorForwardTime                      0x08002a5d   Thumb Code     6  motor.o(.text)
    EncoderInit                              0x08002a99   Thumb Code   248  encoder.o(.text)
    GetRFTriggerTimes                        0x08002b91   Thumb Code     6  encoder.o(.text)
    GetLRTriggerTimes                        0x08002c03   Thumb Code     6  encoder.o(.text)
    WaittingTrigger                          0x08002c09   Thumb Code    96  encoder.o(.text)
    WaittingTriggerWithFunc                  0x08002c69   Thumb Code   100  encoder.o(.text)
    AdcInit                                  0x08002ced   Thumb Code   252  buttom.o(.text)
    _Switcher                                0x08002de9   Thumb Code    84  buttom.o(.text)
    _ADCSwitcher                             0x08002e3d   Thumb Code   124  buttom.o(.text)
    GetAdcValueInChannal                     0x08002eb9   Thumb Code    44  buttom.o(.text)
    GetAdcNTimesValueAverageInChannal        0x08002ee5   Thumb Code    40  buttom.o(.text)
    UpdateButtom                             0x08002f0d   Thumb Code    80  buttom.o(.text)
    GetADCData                               0x08002f5d   Thumb Code     4  buttom.o(.text)
    __aeabi_dadd                             0x08002f89   Thumb Code   322  dadd.o(.text)
    __aeabi_dsub                             0x080030cb   Thumb Code     6  dadd.o(.text)
    __aeabi_drsub                            0x080030d1   Thumb Code     6  dadd.o(.text)
    __aeabi_dmul                             0x080030d7   Thumb Code   228  dmul.o(.text)
    __aeabi_ddiv                             0x080031bb   Thumb Code   222  ddiv.o(.text)
    __aeabi_ui2d                             0x08003299   Thumb Code    26  dfltui.o(.text)
    __aeabi_d2iz                             0x080032b3   Thumb Code    62  dfixi.o(.text)
    __aeabi_cdcmpeq                          0x080032f1   Thumb Code     0  cdcmple.o(.text)
    __aeabi_cdcmple                          0x080032f1   Thumb Code    48  cdcmple.o(.text)
    __aeabi_cdrcmple                         0x08003321   Thumb Code    48  cdrcmple.o(.text)
    __aeabi_uidiv                            0x08003351   Thumb Code     0  uidiv.o(.text)
    __aeabi_uidivmod                         0x08003351   Thumb Code    44  uidiv.o(.text)
    __aeabi_uldivmod                         0x0800337d   Thumb Code    98  uldiv.o(.text)
    __aeabi_llsl                             0x080033df   Thumb Code    30  llshl.o(.text)
    _ll_shift_l                              0x080033df   Thumb Code     0  llshl.o(.text)
    __aeabi_llsr                             0x080033fd   Thumb Code    32  llushr.o(.text)
    _ll_ushift_r                             0x080033fd   Thumb Code     0  llushr.o(.text)
    __aeabi_lasr                             0x0800341d   Thumb Code    36  llsshr.o(.text)
    _ll_sshift_r                             0x0800341d   Thumb Code     0  llsshr.o(.text)
    __I$use$fp                               0x08003441   Thumb Code     0  iusefp.o(.text)
    _double_round                            0x08003441   Thumb Code    30  depilogue.o(.text)
    _double_epilogue                         0x0800345f   Thumb Code   156  depilogue.o(.text)
    __aeabi_d2ulz                            0x080034fb   Thumb Code    48  dfixul.o(.text)
    __scatterload                            0x0800352d   Thumb Code    28  init.o(.text)
    __scatterload_rt2                        0x0800352d   Thumb Code     0  init.o(.text)
    GetLRSpeed                               0x08003551   Thumb Code    76  encoder.o(i.GetLRSpeed)
    GetRFSpeed                               0x080035a5   Thumb Code    72  encoder.o(i.GetRFSpeed)
    SetMotorState                            0x080035f9   Thumb Code    20  motor.o(i.SetMotorState)
    _DelayOneMs_Interrupt                    0x08003615   Thumb Code    18  systick.o(i._DelayOneMs_Interrupt)
    _Timer2Capture_Interrupt                 0x0800362d   Thumb Code   138  encoder.o(i._Timer2Capture_Interrupt)
    _Timer5Capture_Interrupt                 0x080036c1   Thumb Code   130  encoder.o(i._Timer5Capture_Interrupt)
    _UsartReceive_Interrupt                  0x08003751   Thumb Code   104  serial.o(i._UsartReceive_Interrupt)
    __0printf                                0x080037c9   Thumb Code    22  printfa.o(i.__0printf)
    __1printf                                0x080037c9   Thumb Code     0  printfa.o(i.__0printf)
    __2printf                                0x080037c9   Thumb Code     0  printfa.o(i.__0printf)
    __c89printf                              0x080037c9   Thumb Code     0  printfa.o(i.__0printf)
    printf                                   0x080037c9   Thumb Code     0  printfa.o(i.__0printf)
    __scatterload_copy                       0x080037e9   Thumb Code    14  handlers.o(i.__scatterload_copy)
    __scatterload_null                       0x080037f7   Thumb Code     2  handlers.o(i.__scatterload_null)
    __scatterload_zeroinit                   0x080037f9   Thumb Code    14  handlers.o(i.__scatterload_zeroinit)
    _forwardTime_Interrupt                   0x08003809   Thumb Code    58  motor.o(i._forwardTime_Interrupt)
    _updateSysTick_Interrupt                 0x08004105   Thumb Code    66  board.o(i._updateSysTick_Interrupt)
    Region$$Table$$Base                      0x08004178   Number         0  anon$$obj.o(Region$$Table)
    Region$$Table$$Limit                     0x08004198   Number         0  anon$$obj.o(Region$$Table)
    SystemCoreClock                          0x20000000   Data           4  system_stm32f4xx.o(.data)
    AHBPrescTable                            0x20000004   Data          16  system_stm32f4xx.o(.data)
    __stdout                                 0x20000060   Data           4  stdout.o(.data)
    _UsartReceive_Interrupt::tag             0x20000064   Data           4  serial.o(.data__ZZ23_UsartReceive_InterruptE3tag)
    _UsartReceive_Interrupt::handle          0x20000068   Data           4  serial.o(.data__ZZ23_UsartReceive_InterruptE6handle)
    _Timer2Capture_Interrupt::_timerOverFlow 0x2000006c   Data           1  encoder.o(.data__ZZ24_Timer2Capture_InterruptE14_timerOverFlow)
    _Timer5Capture_Interrupt::_timerOverFlow 0x2000006d   Data           1  encoder.o(.data__ZZ24_Timer5Capture_InterruptE14_timerOverFlow)
    _UsartReceive_Interrupt::buffer          0x20000090   Data          50  serial.o(.bss__ZZ23_UsartReceive_InterruptE6buffer)
    __initial_sp                             0x200004c8   Data           0  startup_stm32f40_41xxx.o(STACK)



==============================================================================

Memory Map of the image

  Image Entry point : 0x08000189

  Load Region LR_IROM1 (Base: 0x08000000, Size: 0x00004208, Max: 0x00100000, ABSOLUTE)

    Execution Region ER_IROM1 (Exec base: 0x08000000, Load base: 0x08000000, Size: 0x00004198, Max: 0x00100000, ABSOLUTE)

    Exec Addr    Load Addr    Size         Type   Attr      Idx    E Section Name        Object

    0x08000000   0x08000000   0x00000188   Data   RO         1354    RESET               startup_stm32f40_41xxx.o
    0x08000188   0x08000188   0x00000000   Code   RO         1755  * .ARM.Collect$$$$00000000  mc_w.l(entry.o)
    0x08000188   0x08000188   0x00000004   Code   RO         2037    .ARM.Collect$$$$00000001  mc_w.l(entry2.o)
    0x0800018c   0x0800018c   0x00000004   Code   RO         2040    .ARM.Collect$$$$00000004  mc_w.l(entry5.o)
    0x08000190   0x08000190   0x00000000   Code   RO         2042    .ARM.Collect$$$$00000008  mc_w.l(entry7b.o)
    0x08000190   0x08000190   0x00000000   Code   RO         2044    .ARM.Collect$$$$0000000A  mc_w.l(entry8b.o)
    0x08000190   0x08000190   0x00000008   Code   RO         2045    .ARM.Collect$$$$0000000B  mc_w.l(entry9a.o)
    0x08000198   0x08000198   0x00000000   Code   RO         2047    .ARM.Collect$$$$0000000D  mc_w.l(entry10a.o)
    0x08000198   0x08000198   0x00000000   Code   RO         2049    .ARM.Collect$$$$0000000F  mc_w.l(entry11a.o)
    0x08000198   0x08000198   0x00000004   Code   RO         2038    .ARM.Collect$$$$00002712  mc_w.l(entry2.o)
    0x0800019c   0x0800019c   0x00000210   Code   RO            4    .text               system_stm32f4xx.o
    0x080003ac   0x080003ac   0x00000048   Code   RO          140    .text               stm32f4xx_it.o
    0x080003f4   0x080003f4   0x0000029c   Code   RO          287    .text               main.o
    0x08000690   0x08000690   0x00000ca2   Code   RO          663    .text               stm32f4xx_tim.o
    0x08001332   0x08001332   0x00000002   PAD
    0x08001334   0x08001334   0x00000464   Code   RO          816    .text               stm32f4xx_adc.o
    0x08001798   0x08001798   0x00000454   Code   RO          915    .text               stm32f4xx_usart.o
    0x08001bec   0x08001bec   0x000000e0   Code   RO         1017    .text               misc.o
    0x08001ccc   0x08001ccc   0x0000065c   Code   RO         1203    .text               stm32f4xx_rcc.o
    0x08002328   0x08002328   0x00000294   Code   RO         1253    .text               stm32f4xx_gpio.o
    0x080025bc   0x080025bc   0x00000024   Code   RO         1355    .text               startup_stm32f40_41xxx.o
    0x080025e0   0x080025e0   0x00000050   Code   RO         1362    .text               board.o
    0x08002630   0x08002630   0x00000110   Code   RO         1489    .text               serial.o
    0x08002740   0x08002740   0x00000084   Code   RO         1522    .text               systick.o
    0x080027c4   0x080027c4   0x000002d4   Code   RO         1561    .text               motor.o
    0x08002a98   0x08002a98   0x00000254   Code   RO         1625    .text               encoder.o
    0x08002cec   0x08002cec   0x0000029c   Code   RO         1677    .text               buttom.o
    0x08002f88   0x08002f88   0x0000014e   Code   RO         2019    .text               mf_w.l(dadd.o)
    0x080030d6   0x080030d6   0x000000e4   Code   RO         2021    .text               mf_w.l(dmul.o)
    0x080031ba   0x080031ba   0x000000de   Code   RO         2023    .text               mf_w.l(ddiv.o)
    0x08003298   0x08003298   0x0000001a   Code   RO         2027    .text               mf_w.l(dfltui.o)
    0x080032b2   0x080032b2   0x0000003e   Code   RO         2029    .text               mf_w.l(dfixi.o)
    0x080032f0   0x080032f0   0x00000030   Code   RO         2033    .text               mf_w.l(cdcmple.o)
    0x08003320   0x08003320   0x00000030   Code   RO         2035    .text               mf_w.l(cdrcmple.o)
    0x08003350   0x08003350   0x0000002c   Code   RO         2052    .text               mc_w.l(uidiv.o)
    0x0800337c   0x0800337c   0x00000062   Code   RO         2054    .text               mc_w.l(uldiv.o)
    0x080033de   0x080033de   0x0000001e   Code   RO         2056    .text               mc_w.l(llshl.o)
    0x080033fc   0x080033fc   0x00000020   Code   RO         2058    .text               mc_w.l(llushr.o)
    0x0800341c   0x0800341c   0x00000024   Code   RO         2060    .text               mc_w.l(llsshr.o)
    0x08003440   0x08003440   0x00000000   Code   RO         2062    .text               mc_w.l(iusefp.o)
    0x08003440   0x08003440   0x000000ba   Code   RO         2063    .text               mf_w.l(depilogue.o)
    0x080034fa   0x080034fa   0x00000030   Code   RO         2065    .text               mf_w.l(dfixul.o)
    0x0800352a   0x0800352a   0x00000002   PAD
    0x0800352c   0x0800352c   0x00000024   Code   RO         2067    .text               mc_w.l(init.o)
    0x08003550   0x08003550   0x00000054   Code   RO         1657    i.GetLRSpeed        encoder.o
    0x080035a4   0x080035a4   0x00000054   Code   RO         1645    i.GetRFSpeed        encoder.o
    0x080035f8   0x080035f8   0x0000001c   Code   RO         1582    i.SetMotorState     motor.o
    0x08003614   0x08003614   0x00000018   Code   RO         1542    i._DelayOneMs_Interrupt  systick.o
    0x0800362c   0x0800362c   0x00000094   Code   RO         1663    i._Timer2Capture_Interrupt  encoder.o
    0x080036c0   0x080036c0   0x00000090   Code   RO         1651    i._Timer5Capture_Interrupt  encoder.o
    0x08003750   0x08003750   0x00000078   Code   RO         1507    i._UsartReceive_Interrupt  serial.o
    0x080037c8   0x080037c8   0x00000020   Code   RO         1991    i.__0printf         mc_w.l(printfa.o)
    0x080037e8   0x080037e8   0x0000000e   Code   RO         2071    i.__scatterload_copy  mc_w.l(handlers.o)
    0x080037f6   0x080037f6   0x00000002   Code   RO         2072    i.__scatterload_null  mc_w.l(handlers.o)
    0x080037f8   0x080037f8   0x0000000e   Code   RO         2073    i.__scatterload_zeroinit  mc_w.l(handlers.o)
    0x08003806   0x08003806   0x00000002   PAD
    0x08003808   0x08003808   0x00000048   Code   RO         1594    i._forwardTime_Interrupt  motor.o
    0x08003850   0x08003850   0x00000184   Code   RO         1998    i._fp_digits        mc_w.l(printfa.o)
    0x080039d4   0x080039d4   0x000006dc   Code   RO         1999    i._printf_core      mc_w.l(printfa.o)
    0x080040b0   0x080040b0   0x00000024   Code   RO         2000    i._printf_post_padding  mc_w.l(printfa.o)
    0x080040d4   0x080040d4   0x0000002e   Code   RO         2001    i._printf_pre_padding  mc_w.l(printfa.o)
    0x08004102   0x08004102   0x00000002   PAD
    0x08004104   0x08004104   0x00000050   Code   RO         1382    i._updateSysTick_Interrupt  board.o
    0x08004154   0x08004154   0x00000022   Data   RO         1679    .constdata          buttom.o
    0x08004176   0x08004176   0x00000002   PAD
    0x08004178   0x08004178   0x00000020   Data   RO         2069    Region$$Table       anon$$obj.o


    Execution Region RW_IRAM1 (Exec base: 0x20000000, Load base: 0x08004198, Size: 0x000004c8, Max: 0x00020000, ABSOLUTE)

    Exec Addr    Load Addr    Size         Type   Attr      Idx    E Section Name        Object

    0x20000000   0x08004198   0x00000014   Data   RW            5    .data               system_stm32f4xx.o
    0x20000014   0x080041ac   0x00000010   Data   RW         1204    .data               stm32f4xx_rcc.o
    0x20000024   0x080041bc   0x0000000c   Data   RW         1363    .data               board.o
    0x20000030   0x080041c8   0x00000004   Data   RW         1523    .data               systick.o
    0x20000034   0x080041cc   0x00000014   Data   RW         1563    .data               motor.o
    0x20000048   0x080041e0   0x00000018   Data   RW         1626    .data               encoder.o
    0x20000060   0x080041f8   0x00000004   Data   RW         2051    .data               mc_w.l(stdout.o)
    0x20000064   0x080041fc   0x00000004   Data   RW         1515    .data__ZZ23_UsartReceive_InterruptE3tag  serial.o
    0x20000068   0x08004200   0x00000004   Data   RW         1514    .data__ZZ23_UsartReceive_InterruptE6handle  serial.o
    0x2000006c   0x08004204   0x00000001   Data   RW         1670    .data__ZZ24_Timer2Capture_InterruptE14_timerOverFlow  encoder.o
    0x2000006d   0x08004205   0x00000001   Data   RW         1669    .data__ZZ24_Timer5Capture_InterruptE14_timerOverFlow  encoder.o
    0x2000006e   0x08004206   0x00000002   PAD
    0x20000070        -       0x00000020   Zero   RW         1678    .bss                buttom.o
    0x20000090        -       0x00000032   Zero   RW         1513    .bss__ZZ23_UsartReceive_InterruptE6buffer  serial.o
    0x200000c2   0x08004206   0x00000006   PAD
    0x200000c8        -       0x00000400   Zero   RW         1352    STACK               startup_stm32f40_41xxx.o


==============================================================================

Image component sizes


      Code (inc. data)   RO Data    RW Data    ZI Data      Debug   Object Name

       160         24          0         12          0       9331   board.o
       668         50         34          0         32       3264   buttom.o
      1056         76          0         26          0       5390   encoder.o
       668        102          0          0          0       1625   main.o
       224         20          0          0          0       3913   misc.o
       824         88          0         20          0     242776   motor.o
       392         26          0          8         50       2686   serial.o
        36          8        392          0       1024        968   startup_stm32f40_41xxx.o
      1124         24          0          0          0      24990   stm32f4xx_adc.o
         0          0          0          0          0      15596   stm32f4xx_dfsdm.o
         0          0          0          0          0      15524   stm32f4xx_flash.o
       660         44          0          0          0      11673   stm32f4xx_gpio.o
        72          0          0          0          0     289766   stm32f4xx_it.o
      1628         52          0         16          0      13400   stm32f4xx_rcc.o
      3234         60          0          0          0      43184   stm32f4xx_tim.o
      1108         34          0          0          0      14344   stm32f4xx_usart.o
       528         46          0         20          0     243399   system_stm32f4xx.o
       156         24          0          4          0      31822   systick.o

    ----------------------------------------------------------------------
     12540        678        460        108       1112     973651   Object Totals
         0          0         32          0          0          0   (incl. Generated)
         2          0          2          2          6          0   (incl. Padding)

    ----------------------------------------------------------------------

      Code (inc. data)   RO Data    RW Data    ZI Data      Debug   Library Member Name

         0          0          0          0          0          0   entry.o
         0          0          0          0          0          0   entry10a.o
         0          0          0          0          0          0   entry11a.o
         8          4          0          0          0          0   entry2.o
         4          0          0          0          0          0   entry5.o
         0          0          0          0          0          0   entry7b.o
         0          0          0          0          0          0   entry8b.o
         8          4          0          0          0          0   entry9a.o
        30          0          0          0          0          0   handlers.o
        36          8          0          0          0         68   init.o
         0          0          0          0          0          0   iusefp.o
        30          0          0          0          0         68   llshl.o
        36          0          0          0          0         68   llsshr.o
        32          0          0          0          0         68   llushr.o
      2258         90          0          0          0        452   printfa.o
         0          0          0          4          0          0   stdout.o
        44          0          0          0          0         80   uidiv.o
        98          0          0          0          0         92   uldiv.o
        48          0          0          0          0         68   cdcmple.o
        48          0          0          0          0         68   cdrcmple.o
       334          0          0          0          0        148   dadd.o
       222          0          0          0          0        100   ddiv.o
       186          0          0          0          0        176   depilogue.o
        62          0          0          0          0         80   dfixi.o
        48          0          0          0          0         68   dfixul.o
        26          0          0          0          0         76   dfltui.o
       228          0          0          0          0         96   dmul.o

    ----------------------------------------------------------------------
      3792        106          0          4          0       1776   Library Totals
         6          0          0          0          0          0   (incl. Padding)

    ----------------------------------------------------------------------

      Code (inc. data)   RO Data    RW Data    ZI Data      Debug   Library Name

      2584        106          0          4          0        896   mc_w.l
      1202          0          0          0          0        880   mf_w.l

    ----------------------------------------------------------------------
      3792        106          0          4          0       1776   Library Totals

    ----------------------------------------------------------------------

==============================================================================


      Code (inc. data)   RO Data    RW Data    ZI Data      Debug   

     16332        784        460        112       1112     970395   Grand Totals
     16332        784        460        112       1112     970395   ELF Image Totals
     16332        784        460        112          0          0   ROM Totals

==============================================================================

    Total RO  Size (Code + RO Data)                16792 (  16.40kB)
    Total RW  Size (RW Data + ZI Data)              1224 (   1.20kB)
    Total ROM Size (Code + RO Data + RW Data)      16904 (  16.51kB)

==============================================================================

