<html>
<body>
<pre>
<h1>µVision Build Log</h1>
<h2>Tool Versions:</h2>
IDE-Version: ¦ÌVision V5.25.0.0
Copyright (C) 2017 ARM Ltd and ARM Germany GmbH. All rights reserved.
License Information: zucc Microsoft, Microsoft, LIC=CZL01-C21CR-VEQHA-1UE8V-36TJG-FAQ7I
 
Tool Versions:
Toolchain:       MDK-ARM Plus  Version: 5.25.0.0
Toolchain Path:  E:\ARM\ARM\ARMCC\Bin
C Compiler:      Armcc.exe V5.06 update 6 (build 750)
Assembler:       Armasm.exe V5.06 update 6 (build 750)
Linker/Locator:  ArmLink.exe V5.06 update 6 (build 750)
Library Manager: ArmAr.exe V5.06 update 6 (build 750)
Hex Converter:   FromElf.exe V5.06 update 6 (build 750)
CPU DLL:         SARMCM3.DLL V5.25.0.0
Dialog DLL:      DCM.DLL V1.17.0.0
Target DLL:      Segger\JL2CM3.dll V2.99.28.0
Dialog DLL:      TCM.DLL V1.34.0.0
 
<h2>Project:</h2>
F:\Better Life Project\STM32F4xx_Framework\Project\DeBug406Team\MDK-ARM\Project.uvprojx
Project File Date:  01/07/2019

<h2>Output:</h2>
*** Using Compiler 'V5.06 update 6 (build 750)', folder: 'E:\ARM\ARM\ARMCC\Bin'
Build target 'STM32F40_41xxx'
compiling main.c...
compiling serial.c...
compiling buttom.c...
compiling stm32f4xx_it.c...
compiling motor.c...
..\_Layer\motor.c(14): warning:  #177-D: variable "_motorPolarity"  was declared but never referenced
  const static int _motorPolarity[2] = {1/*Left*/, 1/*Right*/};
..\_Layer\motor.c: 1 warning, 0 errors
linking...
Program Size: Code=15704 RO-data=460 RW-data=144 ZI-data=1160  
FromELF: creating hex file...
"STM32F40_41xxx\STM32F40_41xxx.axf" - 0 Error(s), 1 Warning(s).

<h2>Software Packages used:</h2>

Package Vendor: ARM
                http://www.keil.com/pack/ARM.CMSIS.5.4.0.pack
                ARM.CMSIS.5.4.0
                CMSIS (Cortex Microcontroller Software Interface Standard)
   * Component: CORE Version: 5.1.2

Package Vendor: Keil
                http://www.keil.com/pack/Keil.STM32F4xx_DFP.2.13.0.pack
                Keil.STM32F4xx_DFP.2.13.0
                STMicroelectronics STM32F4 Series Device Support, Drivers and Examples

<h2>Collection of Component include folders:</h2>
  .\RTE\_STM32F40_41xxx
  E:\ARM\PACK\ARM\CMSIS\5.4.0\CMSIS\Core\Include
  E:\ARM\PACK\Keil\STM32F4xx_DFP\2.13.0\Drivers\CMSIS\Device\ST\STM32F4xx\Include

<h2>Collection of Component Files used:</h2>

   * Component: ARM::CMSIS:CORE:5.1.2
Build Time Elapsed:  00:00:05
</pre>
</body>
</html>
